Command: /home/tathuan/.espressif/python_env/idf6.1_py3.12_env/bin/python /home/tathuan/esp-idf/tools/idf_monitor.py -p /dev/ttyUSB0 -b 115200 --toolchain-prefix xtensa-esp32-elf- --target esp32 --revision 0 /home/tathuan/Project_B/SPI_Unit_Test/test/build/test.elf /home/tathuan/Project_B/SPI_Unit_Test/test/build/bootloader/bootloader.elf -m '/home/tathuan/.espressif/python_env/idf6.1_py3.12_env/bin/python' '/home/tathuan/esp-idf/tools/idf.py'
ets Jul 29 2019 12:21:46

rst:0x1 (POWERON_RESET),boot:0x13 (SPI_FAST_FLASH_BOOT)
configsip: 0, SPIWP:0xee
clk_drv:0x00,q_drv:0x00,d_drv:0x00,cs0_drv:0x00,hd_drv:0x00,wp_drv:0x00
mode:DIO, clock div:2
load:0x3fff0040,len:6272
load:0x40078000,len:15848
load:0x40080400,len:3920
entry 0x40080644
[0;32mI (27) boot: ESP-IDF v6.1-dev-2938-g12f36a021f 2nd stage bootloader[0m
[0;32mI (27) boot: compile time Apr 18 2026 09:21:39[0m
[0;32mI (28) boot: Multicore bootloader[0m
[0;32mI (30) boot: chip revision: v3.1[0m
[0;32mI (33) boot.esp32: SPI Speed      : 40MHz[0m
[0;32mI (37) boot.esp32: SPI Mode       : DIO[0m
[0;32mI (40) boot.esp32: SPI Flash Size : 2MB[0m
[0;32mI (44) boot: Enabling RNG early entropy source...[0m
[0;32mI (49) boot: Partition Table:[0m
[0;32mI (51) boot: ## Label            Usage          Type ST Offset   Length[0m
[0;32mI (57) boot:  0 nvs              WiFi data        01 02 00009000 00006000[0m
[0;32mI (64) boot:  1 phy_init         RF data          01 01 0000f000 00001000[0m
[0;32mI (71) boot:  2 factory          factory app      00 00 00010000 00100000[0m
[0;32mI (77) boot: End of partition table[0m
[0;32mI (80) esp_image: segment 0: paddr=00010020 vaddr=3f400020 size=0ae14h ( 44564) map[0m
[0;32mI (104) esp_image: segment 1: paddr=0001ae3c vaddr=3ffb0000 size=02d00h ( 11520) load[0m
[0;32mI (108) esp_image: segment 2: paddr=0001db44 vaddr=40080000 size=024d4h (  9428) load[0m
[0;32mI (113) esp_image: segment 3: paddr=00020020 vaddr=400d0020 size=11048h ( 69704) map[0m
[0;32mI (140) esp_image: segment 4: paddr=00031070 vaddr=400824d4 size=0ab10h ( 43792) load[0m
[0;32mI (158) esp_image: segment 5: paddr=0003bb88 vaddr=50000000 size=00028h (    40) load[0m
[0;32mI (165) boot: Loaded app from partition at offset 0x10000[0m
[0;32mI (165) boot: Disabling RNG early entropy source...[0m
[0;32mI (176) cpu_start: Multicore app[0m
[0;32mI (184) cpu_start: GPIO 3 and 1 are used as console UART I/O pins[0m
[0;32mI (185) cpu_start: Pro cpu start user code[0m
[0;32mI (185) cpu_start: cpu freq: 160000000 Hz[0m
[0;32mI (187) app_init: Application information:[0m
[0;32mI (190) app_init: Project name:     test[0m
[0;32mI (194) app_init: App version:      f7bc7826-dirty[0m
[0;32mI (198) app_init: Compile time:     Apr 18 2026 09:22:53[0m
[0;32mI (204) app_init: ELF file SHA256:  425688d42...[0m
[0;32mI (208) app_init: ESP-IDF:          v6.1-dev-2938-g12f36a021f[0m
[0;32mI (213) efuse_init: Min chip rev:     v0.0[0m
[0;32mI (217) efuse_init: Max chip rev:     v3.99 [0m
[0;32mI (221) efuse_init: Chip rev:         v3.1[0m
[0;32mI (225) heap_init: Initializing. RAM available for dynamic allocation:[0m
[0;32mI (231) heap_init: At 3FFAE6E0 len 00001920 (6 KiB): DRAM[0m
[0;32mI (236) heap_init: At 3FFB37A8 len 0002C858 (178 KiB): DRAM[0m
[0;32mI (242) heap_init: At 3FFE0440 len 00003AE0 (14 KiB): D/IRAM[0m
[0;32mI (247) heap_init: At 3FFE4350 len 0001BCB0 (111 KiB): D/IRAM[0m
[0;32mI (253) heap_init: At 4008CFE4 len 0001301C (76 KiB): IRAM[0m
[0;33mW (259) spi_flash: Detected boya flash chip but using generic driver. For optimal functionality, enable `SPI_FLASH_SUPPORT_BOYA_CHIP` in menuconfig[0m
[0;32mI (271) spi_flash: detected chip: generic[0m
[0;32mI (274) spi_flash: flash io: dio[0m
[0;33mW (277) spi_flash: Detected size(4096k) larger than the size in the binary image header(2048k). Using the size in the binary image header.[0m
[0;32mI (291) main_task: Started on CPU0[0m
[0;32mI (301) main_task: Calling app_main()[0m

### Running Test SPI  ###

Running Slave Unit Test Case 1...
[1;31mE (311) SPI Test: ###[0m
Pin Initsialize


[0;32mI (311) slave stm32: [0m
### INIT SLAVE PIN ###


[0;32mI (311) slave stm32: SCLK Pin: 4[0m

[0;32mI (311) slave stm32: MOSI Pin: 10[0m

[0;32mI (311) slave stm32: MISO Pin: 9[0m

[0;32mI (321) slave stm32: CS Pin: 20[0m

[0;32mI (321) slave stm32: [0m
### END INIT SLAVE PIN ###


[0;32mI (321) slave stm32: Initializing bus SPI...[0m
[0;33mW (331) spi_common: GPIO 10 is conflict with others and be overwritten[0m
[0;33mW (331) spi_common: GPIO 9 is conflict with others and be overwritten[0m
[0;32mI (341) slave stm32: SPI bus initialized successfully[0m

[0;32mI (351) slave stm32: SPI device added successfully[0m

[0;32mI (351) slave stm32: CS HIGH[0m
[1;31mE (351) SPI Test: ReInitsialized SPI....[0m
[1;31mE (361) slave stm32: Already STM32 Slave Init[0m

[0;32mI (361) slave stm32: [0m
### DeINIT SLAVE PIN ###


[0;32mI (371) slave stm32: [0m
### DeINIT SLAVE PIN successfully ###


/home/tathuan/Project_B/SPI_Unit_Test/components/testable/test/Test_SPI.c:31:Slave Unit Test Case 1:PASS
Running Slave Unit Test Case 2...
[1;31mE (401) SPI Test: ###[0m
Pin Initsialize


[0;32mI (401) slave stm32: [0m
### INIT SLAVE PIN ###


[0;32mI (401) slave stm32: SCLK Pin: 4[0m

[0;32mI (401) slave stm32: MOSI Pin: 10[0m

[0;32mI (401) slave stm32: MISO Pin: 9[0m

[0;32mI (411) slave stm32: CS Pin: 20[0m

[0;32mI (411) slave stm32: [0m
### END INIT SLAVE PIN ###


[0;32mI (411) slave stm32: Initializing bus SPI...[0m
[0;33mW (421) gpio: conflict found for GPIO[20][0m
[0;32mI (421) slave stm32: SPI bus initialized successfully[0m

[0;32mI (431) slave stm32: SPI device added successfully[0m

[0;32mI (431) slave stm32: CS HIGH[0m
[0;32mI (431) slave stm32: [0m
### DeINIT SLAVE PIN ###


[0;32mI (441) slave stm32: [0m
### DeINIT SLAVE PIN successfully ###


/home/tathuan/Project_B/SPI_Unit_Test/components/testable/test/Test_SPI.c:42:Slave Unit Test Case 2:PASS
Running Slave Unit Test Case 3...
[1;31mE (471) SPI Test: ###[0m
Pin Initsialize


[0;32mI (471) slave stm32: [0m
### INIT SLAVE PIN ###


[0;32mI (471) slave stm32: SCLK Pin: 4[0m

[0;32mI (471) slave stm32: MOSI Pin: 10[0m

[0;32mI (471) slave stm32: MISO Pin: 9[0m

[0;32mI (481) slave stm32: CS Pin: 20[0m

[0;32mI (481) slave stm32: [0m
### END INIT SLAVE PIN ###


[0;32mI (491) slave stm32: Initializing bus SPI...[0m
[0;33mW (491) gpio: conflict found for GPIO[20][0m
[0;32mI (491) slave stm32: SPI bus initialized successfully[0m

[0;32mI (501) slave stm32: SPI device added successfully[0m

[0;32mI (501) slave stm32: CS HIGH[0m
[0;32mI (511) slave stm32: [0m
### DeINIT SLAVE PIN ###


[0;32mI (511) slave stm32: [0m
### DeINIT SLAVE PIN successfully ###


/home/tathuan/Project_B/SPI_Unit_Test/components/testable/test/Test_SPI.c:52:Slave Unit Test Case 3:PASS
Running Slave Unit Test Case 4...
[1;31mE (541) SPI Test: ###[0m
Pin Initsialize


[0;32mI (541) slave stm32: [0m
### INIT SLAVE PIN ###


[0;32mI (541) slave stm32: SCLK Pin: 4[0m

[0;32mI (541) slave stm32: MOSI Pin: 10[0m

[0;32mI (551) slave stm32: MISO Pin: 9[0m

[0;32mI (551) slave stm32: CS Pin: 20[0m

[0;32mI (551) slave stm32: [0m
### END INIT SLAVE PIN ###


[0;32mI (561) slave stm32: Initializing bus SPI...[0m
[0;33mW (561) gpio: conflict found for GPIO[20][0m
[0;32mI (571) slave stm32: SPI bus initialized successfully[0m

[0;32mI (571) slave stm32: SPI device added successfully[0m

[0;32mI (581) slave stm32: CS HIGH[0m
[0;32mI (581) slave stm32: [0m
### DeINIT SLAVE PIN ###


[0;32mI (581) slave stm32: [0m
### DeINIT SLAVE PIN successfully ###


[0;32mI (591) slave stm32: [0m
### DeINIT SLAVE PIN ###


/home/tathuan/Project_B/SPI_Unit_Test/components/testable/test/Test_SPI.c:56:Slave Unit Test Case 4:PASS
Running Slave Unit Test Case 5...
[1;31mE (621) SPI Test: ###[0m
Pin Initsialize


[0;32mI (621) slave stm32: [0m
### INIT SLAVE PIN ###


[0;32mI (621) slave stm32: SCLK Pin: 4[0m

[0;32mI (621) slave stm32: MOSI Pin: 10[0m

[0;32mI (621) slave stm32: MISO Pin: 9[0m

[0;32mI (631) slave stm32: CS Pin: 20[0m

[0;32mI (631) slave stm32: [0m
### END INIT SLAVE PIN ###


[0;32mI (641) slave stm32: Initializing bus SPI...[0m
[0;33mW (641) gpio: conflict found for GPIO[20][0m
[0;32mI (641) slave stm32: SPI bus initialized successfully[0m

[0;32mI (651) slave stm32: SPI device added successfully[0m

[0;32mI (651) slave stm32: CS HIGH[0m
[0;32mI (661) slave stm32: [0m
### DeINIT SLAVE PIN ###


[0;32mI (661) slave stm32: [0m
### DeINIT SLAVE PIN successfully ###


/home/tathuan/Project_B/SPI_Unit_Test/components/testable/test/Test_SPI.c:60:Slave Unit Test Case 5:PASS
Running Slave Unit Test Case 6...
[1;31mE (691) SPI Test: ###[0m
Pin Initsialize


[0;32mI (691) slave stm32: [0m
### INIT SLAVE PIN ###


[0;32mI (691) slave stm32: SCLK Pin: 4[0m

[0;32mI (691) slave stm32: MOSI Pin: 10[0m

[0;32mI (701) slave stm32: MISO Pin: 9[0m

[0;32mI (701) slave stm32: CS Pin: 20[0m

[0;32mI (701) slave stm32: [0m
### END INIT SLAVE PIN ###


[0;32mI (711) slave stm32: Initializing bus SPI...[0m
[0;33mW (711) gpio: conflict found for GPIO[20][0m
[0;32mI (721) slave stm32: SPI bus initialized successfully[0m

[0;32mI (721) slave stm32: SPI device added successfully[0m

[0;32mI (721) slave stm32: CS HIGH[0m
[0;32mI (731) slave stm32: [0m
### DeINIT SLAVE PIN ###


[0;32mI (731) slave stm32: [0m
### DeINIT SLAVE PIN successfully ###


/home/tathuan/Project_B/SPI_Unit_Test/components/testable/test/Test_SPI.c:63:Slave Unit Test Case 6:PASS
Running Slave Unit Test Case 7...
[1;31mE (761) SPI Test: ###[0m
Pin Initsialize


[0;32mI (761) slave stm32: [0m
### INIT SLAVE PIN ###


[0;32mI (761) slave stm32: SCLK Pin: 4[0m

[0;32mI (771) slave stm32: MOSI Pin: 10[0m

[0;32mI (771) slave stm32: MISO Pin: 9[0m

[0;32mI (771) slave stm32: CS Pin: 20[0m

[0;32mI (781) slave stm32: [0m
### END INIT SLAVE PIN ###


[0;32mI (781) slave stm32: Initializing bus SPI...[0m
[0;33mW (781) gpio: conflict found for GPIO[20][0m
[0;32mI (791) slave stm32: SPI bus initialized successfully[0m

[0;32mI (791) slave stm32: SPI device added successfully[0m

[0;32mI (801) slave stm32: CS HIGH[0m
[0;32mI (801) slave stm32: CS LOW[0m
[0;32mI (801) slave stm32: CS HIGH[0m
[0;32mI (811) slave stm32: [0m
### DeINIT SLAVE PIN ###


[0;32mI (811) slave stm32: [0m
### DeINIT SLAVE PIN successfully ###


/home/tathuan/Project_B/SPI_Unit_Test/components/testable/test/Test_SPI.c:66:Slave Unit Test Case 7:PASS

-----------------------
7 Tests 0 Failures 0 Ignored 
OK
[0;32mI (841) main_task: Returned from app_main()[0m
