Command: /home/tathuan/.espressif/python_env/idf6.1_py3.12_env/bin/python /home/tathuan/esp-idf/tools/idf_monitor.py -p /dev/ttyUSB0 -b 115200 --toolchain-prefix xtensa-esp32-elf- --target esp32 --revision 0 /home/tathuan/Project_B/SPI_Unit_Test/test/build/test.elf /home/tathuan/Project_B/SPI_Unit_Test/test/build/bootloader/bootloader.elf -m '/home/tathuan/.espressif/python_env/idf6.1_py3.12_env/bin/python' '/home/tathuan/esp-idf/tools/idf.py'
ets Jul 29 2019 12:21:46

rst:0x1 (POWERON_RESET),boot:0x13 (SPI_FAST_FLASH_BOOT)
configsip: 0, SPIWP:0xee
clk_drv:0x00,q_drv:0x00,d_drv:0x00,cs0_drv:0x00,hd_drv:0x00,wp_drv:0x00
mode:DIO, clock div:2
load:0x3fff0040,len:6272
load:0x40078000,len:15848
load:0x40080400,len:3920
entry 0x40080644
[0;32mI (27) boot: ESP-IDF v6.1-dev-2938-g12f36a021f 2nd stage bootloader[0m
[0;32mI (27) boot: compile time Apr 18 2026 09:21:39[0m
[0;32mI (28) boot: Multicore bootloader[0m
[0;32mI (30) boot: chip revision: v3.1[0m
[0;32mI (33) boot.esp32: SPI Speed      : 40MHz[0m
[0;32mI (37) boot.esp32: SPI Mode       : DIO[0m
[0;32mI (40) boot.esp32: SPI Flash Size : 2MB[0m
[0;32mI (44) boot: Enabling RNG early entropy source...[0m
[0;32mI (49) boot: Partition Table:[0m
[0;32mI (51) boot: ## Label            Usage          Type ST Offset   Length[0m
[0;32mI (57) boot:  0 nvs              WiFi data        01 02 00009000 00006000[0m
[0;32mI (64) boot:  1 phy_init         RF data          01 01 0000f000 00001000[0m
[0;32mI (71) boot:  2 factory          factory app      00 00 00010000 00100000[0m
[0;32mI (77) boot: End of partition table[0m
[0;32mI (80) esp_image: segment 0: paddr=00010020 vaddr=3f400020 size=0ad8ch ( 44428) map[0m
[0;32mI (104) esp_image: segment 1: paddr=0001adb4 vaddr=3ffb0000 size=02cb0h ( 11440) load[0m
[0;32mI (108) esp_image: segment 2: paddr=0001da6c vaddr=40080000 size=025ach (  9644) load[0m
[0;32mI (113) esp_image: segment 3: paddr=00020020 vaddr=400d0020 size=10fd0h ( 69584) map[0m
[0;32mI (140) esp_image: segment 4: paddr=00030ff8 vaddr=400825ac size=0aa38h ( 43576) load[0m
[0;32mI (158) esp_image: segment 5: paddr=0003ba38 vaddr=50000000 size=00028h (    40) load[0m
[0;32mI (165) boot: Loaded app from partition at offset 0x10000[0m
[0;32mI (165) boot: Disabling RNG early entropy source...[0m
[0;32mI (176) cpu_start: Multicore app[0m
[0;32mI (184) cpu_start: GPIO 3 and 1 are used as console UART I/O pins[0m
[0;32mI (184) cpu_start: Pro cpu start user code[0m
[0;32mI (185) cpu_start: cpu freq: 160000000 Hz[0m
[0;32mI (186) app_init: Application information:[0m
[0;32mI (190) app_init: Project name:     test[0m
[0;32mI (194) app_init: App version:      f7bc7826-dirty[0m
[0;32mI (198) app_init: Compile time:     Apr 18 2026 09:22:53[0m
[0;32mI (203) app_init: ELF file SHA256:  0d76accb3...[0m
[0;32mI (208) app_init: ESP-IDF:          v6.1-dev-2938-g12f36a021f[0m
[0;32mI (213) efuse_init: Min chip rev:     v0.0[0m
[0;32mI (217) efuse_init: Max chip rev:     v3.99 [0m
[0;32mI (221) efuse_init: Chip rev:         v3.1[0m
[0;32mI (225) heap_init: Initializing. RAM available for dynamic allocation:[0m
[0;32mI (231) heap_init: At 3FFAE6E0 len 00001920 (6 KiB): DRAM[0m
[0;32mI (236) heap_init: At 3FFB3758 len 0002C8A8 (178 KiB): DRAM[0m
[0;32mI (241) heap_init: At 3FFE0440 len 00003AE0 (14 KiB): D/IRAM[0m
[0;32mI (247) heap_init: At 3FFE4350 len 0001BCB0 (111 KiB): D/IRAM[0m
[0;32mI (252) heap_init: At 4008CFE4 len 0001301C (76 KiB): IRAM[0m
[0;33mW (259) spi_flash: Detected boya flash chip but using generic driver. For optimal functionality, enable `SPI_FLASH_SUPPORT_BOYA_CHIP` in menuconfig[0m
[0;32mI (271) spi_flash: detected chip: generic[0m
[0;32mI (274) spi_flash: flash io: dio[0m
[0;33mW (277) spi_flash: Detected size(4096k) larger than the size in the binary image header(2048k). Using the size in the binary image header.[0m
[0;32mI (291) main_task: Started on CPU0[0m
[0;32mI (301) main_task: Calling app_main()[0m

### Running Test SPI  ###

Running Slave Unit Test Case 1...
[1;31mE (311) SPI Test: ###[0m
Pin Initsialize


[0;32mI (311) slave stm32: [0m
### INIT SLAVE PIN ###


[0;32mI (311) slave stm32: SCLK Pin: 4[0m

[0;32mI (311) slave stm32: MOSI Pin: 10[0m

[0;32mI (311) slave stm32: MISO Pin: 9[0m

[0;32mI (321) slave stm32: CS Pin: 20[0m

[0;32mI (321) slave stm32: [0m
### END INIT SLAVE PIN ###


[0;32mI (321) slave stm32: Initializing bus SPI...[0m
[0;33mW (331) spi_common: GPIO 10 is conflict with others and be overwritten[0m
[0;33mW (331) spi_common: GPIO 9 is conflict with others and be overwritten[0m
[0;32mI (341) slave stm32: SPI bus initialized successfully[0m

[0;32mI (351) slave stm32: SPI device added successfully[0m

[0;32mI (351) slave stm32: CS HIGH[0m
[1;31mE (351) slave stm32: Failed to Init Slave device: ESP_OK[0m

assert failed: setUp Test_SPI.c:26 (err == ESP_OK)


Backtrace: 0x40087f91:0x3ffb4810 0x40087f59:0x3ffb4830 0x40087ac1:0x3ffb4850 0x400d1371:0x3ffb4970 0x400d7965:0x3ffb49b0 0x400d7ac5:0x3ffb49e0 0x400d7b32:0x3ffb4a00 0x400d7c83:0x3ffb4a20 0x400d436a:0x3ffb4a40 0x400ded8d:0x3ffb4a70




ELF file SHA256: 0d76accb3

Rebooting...
ets Jul 29 2019 12:21:46

rst:0xc (SW_CPU_RESET),boot:0x13 (SPI_FAST_FLASH_BOOT)
configsip: 0, SPIWP:0xee
clk_drv:0x00,q_drv:0x00,d_drv:0x00,cs0_drv:0x00,hd_drv:0x00,wp_drv:0x00
mode:DIO, clock div:2
load:0x3fff0040,len:6272
load:0x40078000,len:15848
load:0x40080400,len:3920
entry 0x40080644
[0;32mI (27) boot: ESP-IDF v6.1-dev-2938-g12f36a021f 2nd stage bootloader[0m
[0;32mI (27) boot: compile time Apr 18 2026 09:21:39[0m
[0;32mI (27) boot: Multicore bootloader[0m
[0;32mI (30) boot: chip revision: v3.1[0m
[0;32mI (33) boot.esp32: SPI Speed      : 40MHz[0m
[0;32mI (37) boot.esp32: SPI Mode       : DIO[0m
[0;32mI (40) boot.esp32: SPI Flash Size : 2MB[0m
[0;32mI (44) boot: Enabling RNG early entropy source...[0m
[0;32mI (48) boot: Partition Table:[0m
[0;32mI (51) boot: ## Label            Usage          Type ST Offset   Length[0m
[0;32mI (57) boot:  0 nvs              WiFi data        01 02 00009000 00006000[0m
[0;32mI (64) boot:  1 phy_init         RF data          01 01 0000f000 00001000[0m
[0;32mI (70) boot:  2 factory          factory app      00 00 00010000 00100000[0m
[0;32mI (77) boot: End of partition table[0m
[0;32mI (80) esp_image: segment 0: paddr=00010020 vaddr=3f400020 size=0ad8ch ( 44428) map[0m
[0;32mI (104) esp_image: segment 1: paddr=0001adb4 vaddr=3ffb0000 size=02cb0h ( 11440) load[0m
[0;32mI (108) esp_image: segment 2: paddr=0001da6c vaddr=40080000 size=025ach (  9644) load[0m
[0;32mI (112) esp_image: segment 3: paddr=00020020 vaddr=400d0020 size=10fd0h ( 69584) map[0m
[0;32mI (140) esp_image: segment 4: paddr=00030ff8 vaddr=400825ac size=0aa38h ( 43576) load[0m
[0;32mI (158) esp_image: segment 5: paddr=0003ba38 vaddr=50000000 size=00028h (    40) load[0m
[0;32mI (165) boot: Loaded app from partition at offset 0x10000[0m
[0;32mI (165) boot: Disabling RNG early entropy source...[0m
[0;32mI (176) cpu_start: Multicore app[0m
[0;32mI (184) cpu_start: GPIO 3 and 1 are used as console UART I/O pins[0m
[0;32mI (184) cpu_start: Pro cpu start user code[0m
[0;32mI (184) cpu_start: cpu freq: 160000000 Hz[0m
[0;32mI (186) app_init: Application information:[0m
[0;32mI (190) app_init: Project name:     test[0m
[0;32mI (194) app_init: App version:      f7bc7826-dirty[0m
[0;32mI (198) app_init: Compile time:     Apr 18 2026 09:22:53[0m
[0;32mI (203) app_init: ELF file SHA256:  0d76accb3...[0m
[0;32mI (208) app_init: ESP-IDF:          v6.1-dev-2938-g12f36a021f[0m
[0;32mI (213) efuse_init: Min chip rev:     v0.0[0m
[0;32mI (217) efuse_init: Max chip rev:     v3.99 [0m
[0;32mI (221) efuse_init: Chip rev:         v3.1[0m
[0;32mI (225) heap_init: Initializing. RAM available for dynamic allocation:[0m
[0;32mI (231) heap_init: At 3FFAE6E0 len 00001920 (6 KiB): DRAM[0m
[0;32mI (236) heap_init: At 3FFB3758 len 0002C8A8 (178 KiB): DRAM[0m
[0;32mI (241) heap_init: At 3FFE0440 len 00003AE0 (14 KiB): D/IRAM[0m
[0;32mI (247) heap_init: At 3FFE4350 len 0001BCB0 (111 KiB): D/IRAM[0m
[0;32mI (252) heap_init: At 4008CFE4 len 0001301C (76 KiB): IRAM[0m
[0;33mW (259) spi_flash: Detected boya flash chip but using generic driver. For optimal functionality, enable `SPI_FLASH_SUPPORT_BOYA_CHIP` in menuconfig[0m
[0;32mI (271) spi_flash: detected chip: generic[0m
[0;32mI (274) spi_flash: flash io: dio[0m
[0;33mW (277) spi_flash: Detected size(4096k) larger than the size in the binary image header(2048k). Using the size in the binary image header.[0m
[0;32mI (291) main_task: Started on CPU0[0m
[0;32mI (301) main_task: Calling app_main()[0m

### Running Test SPI  ###

Running Slave Unit Test Case 1...
[1;31mE (311) SPI Test: ###[0m
Pin Initsialize


[0;32mI (311) slave stm32: [0m
### INIT SLAVE PIN ###


[0;32mI (311) slave stm32: SCLK Pin: 4[0m

[0;32mI (311) slave stm32: MOSI Pin: 10[0m

[0;32mI (311) slave stm32: MISO Pin: 9[0m

[0;32mI (321) slave stm32: CS Pin: 20[0m

[0;32mI (321) slave stm32: [0m
### END INIT SLAVE PIN ###


[0;32mI (321) slave stm32: Initializing bus SPI...[0m
[0;33mW (331) spi_common: GPIO 10 is conflict with others and be overwritten[0m
[0;33mW (331) spi_common: GPIO 9 is conflict with others and be overwritten[0m
[0;32mI (341) slave stm32: SPI bus initialized successfully[0m

[0;32mI (351) slave stm32: SPI device added successfully[0m

[0;32mI (351) slave stm32: CS HIGH[0m
[1;31mE (351) slave stm32: Failed to Init Slave device: ESP_OK[0m

assert failed: setUp Test_SPI.c:26 (err == ESP_OK)


Backtrace: 0x40087f91:0x3ffb4810 0x40087f59:0x3ffb4830 0x40087ac1:0x3ffb4850 0x400d1371:0x3ffb4970 0x400d7965:0x3ffb49b0 0x400d7ac5:0x3ffb49e0 0x400d7b32:0x3ffb4a00 0x400d7c83:0x3ffb4a20 0x400d436a:0x3ffb4a40 0x400ded8d:0x3ffb4a70




ELF file SHA256: 0d76accb3

Rebooting...
ets Jul 29 2019 12:21:46

rst:0xc (SW_CPU_RESET),boot:0x13 (SPI_FAST_FLASH_BOOT)
configsip: 0, SPIWP:0xee
clk_drv:0x00,q_drv:0x00,d_drv:0x00,cs0_drv:0x00,hd_drv:0x00,wp_drv:0x00
mode:DIO, clock div:2
load:0x3fff0040,len:6272
load:0x40078000,len:15848
load:0x40080400,len:3920
entry 0x40080644
[0;32mI (27) boot: ESP-IDF v6.1-dev-2938-g12f36a021f 2nd stage bootloader[0m
[0;32mI (27) boot: compile time Apr 18 2026 09:21:39[0m
[0;32mI (27) boot: Multicore bootloader[0m
[0;32mI (30) boot: chip revision: v3.1[0m
[0;32mI (33) boot.esp32: SPI Speed      : 40MHz[0m
[0;32mI (37) boot.esp32: SPI Mode       : DIO[0m
[0;32mI (40) boot.esp32: SPI Flash Size : 2MB[0m
[0;32mI (44) boot: Enabling RNG early entropy source...[0m
[0;32mI (48) boot: Partition Table:[0m
[0;32mI (51) boot: ## Label            Usage          Type ST Offset   Length[0m
[0;32mI (57) boot:  0 nvs              WiFi data        01 02 00009000 00006000[0m
[0;32mI (64) boot:  1 phy_init         RF data          01 01 0000f000 00001000[0m
[0;32mI (70) boot:  2 factory          factory app      00 00 00010000 00100000[0m
[0;32mI (77) boot: End of partition table[0m
[0;32mI (80) esp_image: segment 0: paddr=00010020 vaddr=3f400020 size=0ad8ch ( 44428) map[0m
[0;32mI (104) esp_image: segment 1: paddr=0001adb4 vaddr=3ffb0000 size=02cb0h ( 11440) load[0m
[0;32mI (108) esp_image: segment 2: paddr=0001da6c vaddr=40080000 size=025ach (  9644) load[0m
[0;32mI (112) esp_image: segment 3: paddr=00020020 vaddr=400d0020 size=10fd0h ( 69584) map[0m
[0;32mI (140) esp_image: segment 4: paddr=00030ff8 vaddr=400825ac size=0aa38h ( 43576) load[0m
[0;32mI (158) esp_image: segment 5: paddr=0003ba38 vaddr=50000000 size=00028h (    40) load[0m
[0;32mI (165) boot: Loaded app from partition at offset 0x10000[0m
[0;32mI (165) boot: Disabling RNG early entropy source...[0m
[0;32mI (176) cpu_start: Multicore app[0m
[0;32mI (184) cpu_start: GPIO 3 and 1 are used as console UART I/O pins[0m
[0;32mI (184) cpu_start: Pro cpu start user code[0m
[0;32mI (184) cpu_start: cpu freq: 160000000 Hz[0m
[0;32mI (186) app_init: Application information:[0m
[0;32mI (190) app_init: Project name:     test[0m
[0;32mI (194) app_init: App version:      f7bc7826-dirty[0m
[0;32mI (198) app_init: Compile time:     Apr 18 2026 09:22:53[0m
[0;32mI (203) app_init: ELF file SHA256:  0d76accb3...[0m
[0;32mI (208) app_init: ESP-IDF:          v6.1-dev-2938-g12f36a021f[0m
[0;32mI (213) efuse_init: Min chip rev:     v0.0[0m
[0;32mI (217) efuse_init: Max chip rev:     v3.99 [0m
[0;32mI (221) efuse_init: Chip rev:         v3.1[0m
[0;32mI (225) heap_init: Initializing. RAM available for dynamic allocation:[0m
[0;32mI (231) heap_init: At 3FFAE6E0 len 00001920 (6 KiB): DRAM[0m
[0;32mI (236) heap_init: At 3FFB3758 len 0002C8A8 (178 KiB): DRAM[0m
[0;32mI (241) heap_init: At 3FFE0440 len 00003AE0 (14 KiB): D/IRAM[0m
[0;32mI (247) heap_init: At 3FFE4350 len 0001BCB0 (111 KiB): D/IRAM[0m
[0;32mI (252) heap_init: At 4008CFE4 len 0001301C (76 KiB): IRAM[0m
[0;33mW (259) spi_flash: Detected boya flash chip but using generic driver. For optimal functionality, enable `SPI_FLASH_SUPPORT_BOYA_CHIP` in menuconfig[0m
[0;32mI (271) spi_flash: detected chip: generic[0m
[0;32mI (274) spi_flash: flash io: dio[0m
[0;33mW (277) spi_flash: Detected size(4096k) larger than the size in the binary image header(2048k). Using the size in the binary image header.[0m
[0;32mI (291) main_task: Started on CPU0[0m
[0;32mI (301) main_task: Calling app_main()[0m

### Running Test SPI  ###

Running Slave Unit Test Case 1...
[1;31mE (311) SPI Test: ###[0m
Pin Initsialize


[0;32mI (311) slave stm32: [0m
### INIT SLAVE PIN ###


[0;32mI (311) slave stm32: SCLK Pin: 4[0m

[0;32mI (311) slave stm32: MOSI Pin: 10[0m

[0;32mI (311) slave stm32: MISO Pin: 9[0m

[0;32mI (321) slave stm32: CS Pin: 20[0m

[0;32mI (321) slave stm32: [0m
### END INIT SLAVE PIN ###


[0;32mI (321) slave stm32: Initializing bus SPI...[0m
[0;33mW (331) spi_common: GPIO 10 is conflict with others and be overwritten[0m
[0;33mW (331) spi_common: GPIO 9 is conflict with others and be overwritten[0m
[0;32mI (341) slave stm32: SPI bus initialized successfully[0m

[0;32mI (351) slave stm32: SPI device added successfully[0m

[0;32mI (351) slave stm32: CS HIGH[0m
[1;31mE (351) slave stm32: Failed to Init Slave device: ESP_OK[0m

assert failed: setUp Test_SPI.c:26 (err == ESP_OK)


Backtrace: 0x40087f91:0x3ffb4810 0x40087f59:0x3ffb4830 0x40087ac1:0x3ffb4850 0x400d1371:0x3ffb4970 0x400d7965:0x3ffb49b0 0x400d7ac5:0x3ffb49e0 0x400d7b32:0x3ffb4a00 0x400d7c83:0x3ffb4a20 0x400d436a:0x3ffb4a40 0x400ded8d:0x3ffb4a70




ELF file SHA256: 0d76accb3

Rebooting...
ets Jul 29 2019 12:21:46

rst:0xc (SW_CPU_RESET),boot:0x13 (SPI_FAST_FLASH_BOOT)
configsip: 0, SPIWP:0xee
clk_drv:0x00,q_drv:0x00,d_drv:0x00,cs0_drv:0x00,hd_drv:0x00,wp_drv:0x00
mode:DIO, clock div:2
load:0x3fff0040,len:6272
load:0x40078000,len:15848
load:0x40080400,len:3920
entry 0x40080644
[0;32mI (27) boot: ESP-IDF v6.1-dev-2938-g12f36a021f 2nd stage bootloader[0m
[0;32mI (27) boot: compile time Apr 18 2026 09:21:39[0m
[0;32mI (27) boot: Multicore bootloader[0m
[0;32mI (30) boot: chip revision: v3.1[0m
[0;32mI (33) boot.esp32: SPI Speed      : 40MHz[0m
[0;32mI (37) boot.esp32: SPI Mode       : DIO[0m
[0;32mI (40) boot.esp32: SPI Flash Size : 2MB[0m
[0;32mI (44) boot: Enabling RNG early entropy source...[0m
[0;32mI (48) boot: Partition Table:[0m
[0;32mI (51) boot: ## Label            Usage          Type ST Offset   Length[0m
[0;32mI (57) boot:  0 nvs              WiFi data        01 02 00009000 00006000[0m
[0;32mI (64) boot:  1 phy_init         RF data          01 01 0000f000 00001000[0m
[0;32mI (70) boot:  2 factory          factory app      00 00 00010000 00100000[0m
[0;32mI (77) boot: End of partition table[0m
[0;32mI (80) esp_image: segment 0: paddr=00010020 vaddr=3f400020 size=0ad8ch ( 44428) map[0m
[0;32mI (104) esp_image: segment 1: paddr=0001adb4 vaddr=3ffb0000 size=02cb0h ( 11440) load[0m
[0;32mI (108) esp_image: segment 2: paddr=0001da6c vaddr=40080000 size=025ach (  9644) load[0m
[0;32mI (112) esp_image: segment 3: paddr=00020020 vaddr=400d0020 size=10fd0h ( 69584) map[0m
[0;32mI (140) esp_image: segment 4: paddr=00030ff8 vaddr=400825ac size=0aa38h ( 43576) load[0m
[0;32mI (158) esp_image: segment 5: paddr=0003ba38 vaddr=50000000 size=00028h (    40) load[0m
[0;32mI (165) boot: Loaded app from partition at offset 0x10000[0m
[0;32mI (165) boot: Disabling RNG early entropy source...[0m
[0;32mI (176) cpu_start: Multicore app[0m
[0;32mI (184) cpu_start: GPIO 3 and 1 are used as console UART I/O pins[0m
[0;32mI (184) cpu_start: Pro cpu start user code[0m
[0;32mI (184) cpu_start: cpu freq: 160000000 Hz[0m
[0;32mI (186) app_init: Application information:[0m
[0;32mI (190) app_init: Project name:     test[0m
[0;32mI (194) app_init: App version:      f7bc7826-dirty[0m
[0;32mI (198) app_init: Compile time:     Apr 18 2026 09:22:53[0m
[0;32mI (203) app_init: ELF file SHA256:  0d76accb3...[0m
[0;32mI (208) app_init: ESP-IDF:          v6.1-dev-2938-g12f36a021f[0m
[0;32mI (213) efuse_init: Min chip rev:     v0.0[0m
[0;32mI (217) efuse_init: Max chip rev:     v3.99 [0m
[0;32mI (221) efuse_init: Chip rev:         v3.1[0m
[0;32mI (225) heap_init: Initializing. RAM available for dynamic allocation:[0m
[0;32mI (231) heap_init: At 3FFAE6E0 len 00001920 (6 KiB): DRAM[0m
[0;32mI (236) heap_init: At 3FFB3758 len 0002C8A8 (178 KiB): DRAM[0m
[0;32mI (241) heap_init: At 3FFE0440 len 00003AE0 (14 KiB): D/IRAM[0m
[0;32mI (247) heap_init: At 3FFE4350 len 0001BCB0 (111 KiB): D/IRAM[0m
[0;32mI (252) heap_init: At 4008CFE4 len 0001301C (76 KiB): IRAM[0m
[0;33mW (259) spi_flash: Detected boya flash chip but using generic driver. For optimal functionality, enable `SPI_FLASH_SUPPORT_BOYA_CHIP` in menuconfig[0m
[0;32mI (271) spi_flash: detected chip: generic[0m
[0;32mI (274) spi_flash: flash io: dio[0m
[0;33mW (277) spi_flash: Detected size(4096k) larger than the size in the binary image header(2048k). Using the size in the binary image header.[0m
[0;32mI (291) main_task: Started on CPU0[0m
[0;32mI (301) main_task: Calling app_main()[0m

### Running Test SPI  ###

Running Slave Unit Test Case 1...
[1;31mE (311) SPI Test: ###[0m
Pin Initsialize


[0;32mI (311) slave stm32: [0m
### INIT SLAVE PIN ###


[0;32mI (311) slave stm32: SCLK Pin: 4[0m

[0;32mI (311) slave stm32: MOSI Pin: 10[0m

[0;32mI (311) slave stm32: MISO Pin: 9[0m

[0;32mI (321) slave stm32: CS Pin: 20[0m

[0;32mI (321) slave stm32: [0m
### END INIT SLAVE PIN ###


[0;32mI (321) slave stm32: Initializing bus SPI...[0m
[0;33mW (331) spi_common: GPIO 10 is conflict with others and be overwritten[0m
[0;33mW (331) spi_common: GPIO 9 is conflict with others and be overwritten[0m
[0;32mI (341) slave stm32: SPI bus initialized successfully[0m

[0;32mI (351) slave stm32: SPI device added successfully[0m

[0;32mI (351) slave stm32: CS HIGH[0m
[1;31mE (351) slave stm32: Failed to Init Slave device: ESP_OK[0m

assert failed: setUp Test_SPI.c:26 (err == ESP_OK)


Backtrace: 0x40087f91:0x3ffb4810 0x40087f59:0x3ffb4830 0x40087ac1:0x3ffb4850 0x400d1371:0x3ffb4970 0x400d7965:0x3ffb49b0 0x400d7ac5:0x3ffb49e0 0x400d7b32:0x3ffb4a00 0x400d7c83:0x3ffb4a20 0x400d436a:0x3ffb4a40 0x400ded8d:0x3ffb4a70




ELF file SHA256: 0d76accb3

Rebooting...
ets Jul 29 2019 12:21:46

rst:0xc (SW_CPU_RESET),boot:0x13 (SPI_FAST_FLASH_BOOT)
configsip: 0, SPIWP:0xee
clk_drv:0x00,q_drv:0x00,d_drv:0x00,cs0_drv:0x00,hd_drv:0x00,wp_drv:0x00
mode:DIO, clock div:2
load:0x3fff0040,len:6272
load:0x40078000,len:15848
load:0x40080400,len:3920
entry 0x40080644
[0;32mI (27) boot: ESP-IDF v6.1-dev-2938-g12f36a021f 2nd stage bootloader[0m
[0;32mI (27) boot: compile time Apr 18 2026 09:21:39[0m
[0;32mI (27) boot: Multicore bootloader[0m
[0;32mI (30) boot: chip revision: v3.1[0m
[0;32mI (33) boot.esp32: SPI Speed      : 40MHz[0m
[0;32mI (37) boot.esp32: SPI Mode       : DIO[0m
[0;32mI (40) boot.esp32: SPI Flash Size : 2MB[0m
[0;32mI (44) boot: Enabling RNG early entropy source...[0m
[0;32mI (48) boot: Partition Table:[0m
[0;32mI (51) boot: ## Label            Usage          Type ST Offset   Length[0m
[0;32mI (57) boot:  0 nvs              WiFi data        01 02 00009000 00006000[0m
[0;32mI (64) boot:  1 phy_init         RF data          01 01 0000f000 00001000[0m
[0;32mI (70) boot:  2 factory          factory app      00 00 00010000 00100000[0m
[0;32mI (77) boot: End of partition table[0m
[0;32mI (80) esp_image: segment 0: paddr=00010020 vaddr=3f400020 size=0ad8ch ( 44428) map[0m
[0;32mI (104) esp_image: segment 1: paddr=0001adb4 vaddr=3ffb0000 size=02cb0h ( 11440) load[0m
[0;32mI (108) esp_image: segment 2: paddr=0001da6c vaddr=40080000 size=025ach (  9644) load[0m
[0;32mI (112) esp_image: segment 3: paddr=00020020 vaddr=400d0020 size=10fd0h ( 69584) map[0m
[0;32mI (140) esp_image: segment 4: paddr=00030ff8 vaddr=400825ac size=0aa38h ( 43576) load[0m
[0;32mI (158) esp_image: segment 5: paddr=0003ba38 vaddr=50000000 size=00028h (    40) load[0m
[0;32mI (165) boot: Loaded app from partition at offset 0x10000[0m
[0;32mI (165) boot: Disabling RNG early entropy source...[0m
[0;32mI (176) cpu_start: Multicore app[0m
[0;32mI (184) cpu_start: GPIO 3 and 1 are used as console UART I/O pins[0m
[0;32mI (184) cpu_start: Pro cpu start user code[0m
[0;32mI (184) cpu_start: cpu freq: 160000000 Hz[0m
[0;32mI (186) app_init: Application information:[0m
[0;32mI (190) app_init: Project name:     test[0m
[0;32mI (194) app_init: App version:      f7bc7826-dirty[0m
[0;32mI (198) app_init: Compile time:     Apr 18 2026 09:22:53[0m
[0;32mI (203) app_init: ELF file SHA256:  0d76accb3...[0m
[0;32mI (208) app_init: ESP-IDF:          v6.1-dev-2938-g12f36a021f[0m
[0;32mI (213) efuse_init: Min chip rev:     v0.0[0m
[0;32mI (217) efuse_init: Max chip rev:     v3.99 [0m
[0;32mI (221) efuse_init: Chip rev:         v3.1[0m
[0;32mI (225) heap_init: Initializing. RAM available for dynamic allocation:[0m
[0;32mI (231) heap_init: At 3FFAE6E0 len 00001920 (6 KiB): DRAM[0m
[0;32mI (236) heap_init: At 3FFB3758 len 0002C8A8 (178 KiB): DRAM[0m
[0;32mI (241) heap_init: At 3FFE0440 len 00003AE0 (14 KiB): D/IRAM[0m
[0;32mI (247) heap_init: At 3FFE4350 len 0001BCB0 (111 KiB): D/IRAM[0m
[0;32mI (252) heap_init: At 4008CFE4 len 0001301C (76 KiB): IRAM[0m
[0;33mW (259) spi_flash: Detected boya flash chip but using generic driver. For optimal functionality, enable `SPI_FLASH_SUPPORT_BOYA_CHIP` in menuconfig[0m
[0;32mI (271) spi_flash: detected chip: generic[0m
[0;32mI (274) spi_flash: flash io: dio[0m
[0;33mW (277) spi_flash: Detected size(4096k) larger than the size in the binary image header(2048k). Using the size in the binary image header.[0m
[0;32mI (291) main_task: Started on CPU0[0m
[0;32mI (301) main_task: Calling app_main()[0m

### Running Test SPI  ###

Running Slave Unit Test Case 1...
[1;31mE (311) SPI Test: ###[0m
Pin Initsialize


[0;32mI (311) slave stm32: [0m
### INIT SLAVE PIN ###


[0;32mI (311) slave stm32: SCLK Pin: 4[0m

[0;32mI (311) slave stm32: MOSI Pin: 10[0m

[0;32mI (311) slave stm32: MISO Pin: 9[0m

[0;32mI (321) slave stm32: CS Pin: 20[0m

[0;32mI (321) slave stm32: [0m
### END INIT SLAVE PIN ###


[0;32mI (321) slave stm32: Initializing bus SPI...[0m
[0;33mW (331) spi_common: GPIO 10 is conflict with others and be overwritten[0m
[0;33mW (331) spi_common: GPIO 9 is conflict with others and be overwritten[0m
[0;32mI (341) slave stm32: SPI bus initialized successfully[0m

[0;32mI (351) slave stm32: SPI device added successfully[0m

[0;32mI (351) slave stm32: CS HIGH[0m
[1;31mE (351) slave stm32: Failed to Init Slave device: ESP_OK[0m

assert failed: setUp Test_SPI.c:26 (err == ESP_OK)


Backtrace: 0x40087f91:0x3ffb4810 0x40087f59:0x3ffb4830 0x40087ac1:0x3ffb4850 0x400d1371:0x3ffb4970 0x400d7965:0x3ffb49b0 0x400d7ac5:0x3ffb49e0 0x400d7b32:0x3ffb4a00 0x400d7c83:0x3ffb4a20 0x400d436a:0x3ffb4a40 0x400ded8d:0x3ffb4a70




ELF file SHA256: 0d76accb3

Rebooting...
ets Jul 29 2019 12:21:46

rst:0xc (SW_CPU_RESET),boot:0x13 (SPI_FAST_FLASH_BOOT)
configsip: 0, SPIWP:0xee
clk_drv:0x00,q_drv:0x00,d_drv:0x00,cs0_drv:0x00,hd_drv:0x00,wp_drv:0x00
mode:DIO, clock div:2
load:0x3fff0040,len:6272
load:0x40078000,len:15848
load:0x40080400,len:3920
entry 0x40080644
[0;32mI (27) boot: ESP-IDF v6.1-dev-2938-g12f36a021f 2nd stage bootloader[0m
[0;32mI (27) boot: compile time Apr 18 2026 09:21:39[0m
[0;32mI (27) boot: Multicore bootloader[0m
[0;32mI (30) boot: chip revision: v3.1[0m
[0;32mI (33) boot.esp32: SPI Speed      : 40MHz[0m
[0;32mI (37) boot.esp32: SPI Mode       : DIO[0m
[0;32mI (40) boot.esp32: SPI Flash Size : 2MB[0m
[0;32mI (44) boot: Enabling RNG early entropy source...[0m
[0;32mI (48) boot: Partition Table:[0m
[0;32mI (51) boot: ## Label            Usage          Type ST Offset   Length[0m
[0;32mI (57) boot:  0 nvs              WiFi data        01 02 00009000 00006000[0m
[0;32mI (64) boot:  1 phy_init         RF data          01 01 0000f000 00001000[0m
[0;32mI (70) boot:  2 factory          factory app      00 00 00010000 00100000[0m
[0;32mI (77) boot: End of partition table[0m
[0;32mI (80) esp_image: segment 0: paddr=00010020 vaddr=3f400020 size=0ad8ch ( 44428) map[0m
[0;32mI (104) esp_image: segment 1: paddr=0001adb4 vaddr=3ffb0000 size=02cb0h ( 11440) load[0m
[0;32mI (108) esp_image: segment 2: paddr=0001da6c vaddr=40080000 size=025ach (  9644) load[0m
[0;32mI (112) esp_image: segment 3: paddr=00020020 vaddr=400d0020 size=10fd0h ( 69584) map[0m
[0;32mI (140) esp_image: segment 4: paddr=00030ff8 vaddr=400825ac size=0aa38h ( 43576) load[0m
[0;32mI (158) esp_image: segment 5: paddr=0003ba38 vaddr=50000000 size=00028h (    40) load[0m
[0;32mI (165) boot: Loaded app from partition at offset 0x10000[0m
[0;32mI (165) boot: Disabling RNG early entropy source...[0m
[0;32mI (176) cpu_start: Multicore app[0m
[0;32mI (184) cpu_start: GPIO 3 and 1 are used as console UART I/O pins[0m
[0;32mI (184) cpu_start: Pro cpu start user code[0m
[0;32mI (184) cpu_start: cpu freq: 160000000 Hz[0m
[0;32mI (186) app_init: Application information:[0m
[0;32mI (190) app_init: Project name:     test[0m
[0;32mI (194) app_init: App version:      f7bc7826-dirty[0m
[0;32mI (198) app_init: Compile time:     Apr 18 2026 09:22:53[0m
[0;32mI (203) app_init: ELF file SHA256:  0d76accb3...[0m
[0;32mI (208) app_init: ESP-IDF:          v6.1-dev-2938-g12f36a021f[0m
[0;32mI (213) efuse_init: Min chip rev:     v0.0[0m
[0;32mI (217) efuse_init: Max chip rev:     v3.99 [0m
[0;32mI (221) efuse_init: Chip rev:         v3.1[0m
[0;32mI (225) heap_init: Initializing. RAM available for dynamic allocation:[0m
[0;32mI (231) heap_init: At 3FFAE6E0 len 00001920 (6 KiB): DRAM[0m
[0;32mI (236) heap_init: At 3FFB3758 len 0002C8A8 (178 KiB): DRAM[0m
[0;32mI (241) heap_init: At 3FFE0440 len 00003AE0 (14 KiB): D/IRAM[0m
[0;32mI (247) heap_init: At 3FFE4350 len 0001BCB0 (111 KiB): D/IRAM[0m
[0;32mI (252) heap_init: At 4008CFE4 len 0001301C (76 KiB): IRAM[0m
[0;33mW (259) spi_flash: Detected boya flash chip but using generic driver. For optimal functionality, enable `SPI_FLASH_SUPPORT_BOYA_CHIP` in menuconfig[0m
[0;32mI (271) spi_flash: detected chip: generic[0m
[0;32mI (274) spi_flash: flash io: dio[0m
[0;33mW (277) spi_flash: Detected size(4096k) larger than the size in the binary image header(2048k). Using the size in the binary image header.[0m
[0;32mI (291) main_task: Started on CPU0[0m
[0;32mI (301) main_task: Calling app_main()[0m

### Running Test SPI  ###

Running Slave Unit Test Case 1...
[1;31mE (311) SPI Test: ###[0m
Pin Initsialize


[0;32mI (311) slave stm32: [0m
### INIT SLAVE PIN ###


[0;32mI (311) slave stm32: SCLK Pin: 4[0m

[0;32mI (311) slave stm32: MOSI Pin: 10[0m

[0;32mI (311) slave stm32: MISO Pin: 9[0m

[0;32mI (321) slave stm32: CS Pin: 20[0m

[0;32mI (321) slave stm32: [0m
### END INIT SLAVE PIN ###


[0;32mI (321) slave stm32: Initializing bus SPI...[0m
[0;33mW (331) spi_common: GPIO 10 is conflict with others and be overwritten[0m
[0;33mW (331) spi_common: GPIO 9 is conflict with others and be overwritten[0m
[0;32mI (341) slave stm32: SPI bus initialized successfully[0m

[0;32mI (351) slave stm32: SPI device added successfully[0m

[0;32mI (351) slave stm32: CS HIGH[0m
[1;31mE (351) slave stm32: Failed to Init Slave device: ESP_OK[0m

assert failed: setUp Test_SPI.c:26 (err == ESP_OK)


Backtrace: 0x40087f91:0x3ffb4810 0x40087f59:0x3ffb4830 0x40087ac1:0x3ffb4850 0x400d1371:0x3ffb4970 0x400d7965:0x3ffb49b0 0x400d7ac5:0x3ffb49e0 0x400d7b32:0x3ffb4a00 0x400d7c83:0x3ffb4a20 0x400d436a:0x3ffb4a40 0x400ded8d:0x3ffb4a70




ELF file SHA256: 0d76accb3

Rebooting...
ets Jul 29 2019 12:21:46

rst:0xc (SW_CPU_RESET),boot:0x13 (SPI_FAST_FLASH_BOOT)
configsip: 0, SPIWP:0xee
clk_drv:0x00,q_drv:0x00,d_drv:0x00,cs0_drv:0x00,hd_drv:0x00,wp_drv:0x00
mode:DIO, clock div:2
load:0x3fff0040,len:6272
load:0x40078000,len:15848
load:0x40080400,len:3920
entry 0x40080644
[0;32mI (27) boot: ESP-IDF v6.1-dev-2938-g12f36a021f 2nd stage bootloader[0m
[0;32mI (27) boot: compile time Apr 18 2026 09:21:39[0m
[0;32mI (27) boot: Multicore bootloader[0m
[0;32mI (30) boot: chip revision: v3.1[0m
[0;32mI (33) boot.esp32: SPI Speed      : 40MHz[0m
[0;32mI (37) boot.esp32: SPI Mode       : DIO[0m
[0;32mI (40) boot.esp32: SPI Flash Size : 2MB[0m
[0;32mI (44) boot: Enabling RNG early entropy source...[0m
[0;32mI (48) boot: Partition Table:[0m
[0;32mI (51) boot: ## Label            Usage          Type ST Offset   Length[0m
[0;32mI (57) boot:  0 nvs              WiFi data        01 02 00009000 00006000[0m
[0;32mI (64) boot:  1 phy_init         RF data          01 01 0000f000 00001000[0m
[0;32mI (70) boot:  2 factory          factory app      00 00 00010000 00100000[0m
[0;32mI (77) boot: End of partition table[0m
[0;32mI (80) esp_image: segment 0: paddr=00010020 vaddr=3f400020 size=0ad8ch ( 44428) map[0m
[0;32mI (104) esp_image: segment 1: paddr=0001adb4 vaddr=3ffb0000 size=02cb0h ( 11440) load[0m
[0;32mI (108) esp_image: segment 2: paddr=0001da6c vaddr=40080000 size=025ach (  9644) load[0m
[0;32mI (112) esp_image: segment 3: paddr=00020020 vaddr=400d0020 size=10fd0h ( 69584) map[0m
[0;32mI (140) esp_image: segment 4: paddr=00030ff8 vaddr=400825ac size=0aa38h ( 43576) load[0m
[0;32mI (158) esp_image: segment 5: paddr=0003ba38 vaddr=50000000 size=00028h (    40) load[0m
[0;32mI (165) boot: Loaded app from partition at offset 0x10000[0m
[0;32mI (165) boot: Disabling RNG early entropy source...[0m
[0;32mI (176) cpu_start: Multicore app[0m
[0;32mI (184) cpu_start: GPIO 3 and 1 are used as console UART I/O pins[0m
[0;32mI (184) cpu_start: Pro cpu start user code[0m
[0;32mI (184) cpu_start: cpu freq: 160000000 Hz[0m
[0;32mI (186) app_init: Application information:[0m
[0;32mI (190) app_init: Project name:     test[0m
[0;32mI (194) app_init: App version:      f7bc7826-dirty[0m
[0;32mI (198) app_init: Compile time:     Apr 18 2026 09:22:53[0m
[0;32mI (203) app_init: ELF file SHA256:  0d76accb3...[0m
[0;32mI (208) app_init: ESP-IDF:          v6.1-dev-2938-g12f36a021f[0m
[0;32mI (213) efuse_init: Min chip rev:     v0.0[0m
[0;32mI (217) efuse_init: Max chip rev:     v3.99 [0m
[0;32mI (221) efuse_init: Chip rev:         v3.1[0m
[0;32mI (225) heap_init: Initializing. RAM available for dynamic allocation:[0m
[0;32mI (231) heap_init: At 3FFAE6E0 len 00001920 (6 KiB): DRAM[0m
[0;32mI (236) heap_init: At 3FFB3758 len 0002C8A8 (178 KiB): DRAM[0m
[0;32mI (241) heap_init: At 3FFE0440 len 00003AE0 (14 KiB): D/IRAM[0m
[0;32mI (247) heap_init: At 3FFE4350 len 0001BCB0 (111 KiB): D/IRAM[0m
[0;32mI (252) heap_init: At 4008CFE4 len 0001301C (76 KiB): IRAM[0m
[0;33mW (259) spi_flash: Detected boya flash chip but using generic driver. For optimal functionality, enable `SPI_FLASH_SUPPORT_BOYA_CHIP` in menuconfig[0m
[0;32mI (271) spi_flash: detected chip: generic[0m
[0;32mI (274) spi_flash: flash io: dio[0m
[0;33mW (277) spi_flash: Detected size(4096k) larger than the size in the binary image header(2048k). Using the size in the binary image header.[0m
[0;32mI (291) main_task: Started on CPU0[0m
[0;32mI (301) main_task: Calling app_main()[0m

### Running Test SPI  ###

Running Slave Unit Test Case 1...
[1;31mE (311) SPI Test: ###[0m
Pin Initsialize


[0;32mI (311) slave stm32: [0m
### INIT SLAVE PIN ###


[0;32mI (311) slave stm32: SCLK Pin: 4[0m

[0;32mI (311) slave stm32: MOSI Pin: 10[0m

[0;32mI (311) slave stm32: MISO Pin: 9[0m

[0;32mI (321) slave stm32: CS Pin: 20[0m

[0;32mI (321) slave stm32: [0m
### END INIT SLAVE PIN ###


[0;32mI (321) slave stm32: Initializing bus SPI...[0m
[0;33mW (331) spi_common: GPIO 10 is conflict with others and be overwritten[0m
[0;33mW (331) spi_common: GPIO 9 is conflict with others and be overwritten[0m
[0;32mI (341) slave stm32: SPI bus initialized successfully[0m

[0;32mI (351) slave stm32: SPI device added successfully[0m

[0;32mI (351) slave stm32: CS HIGH[0m
[1;31mE (351) slave stm32: Failed to Init Slave device: ESP_OK[0m

assert failed: setUp Test_SPI.c:26 (err == ESP_OK)


Backtrace: 0x40087f91:0x3ffb4810 0x40087f59:0x3ffb4830 0x40087ac1:0x3ffb4850 0x400d1371:0x3ffb4970 0x400d7965:0x3ffb49b0 0x400d7ac5:0x3ffb49e0 0x400d7b32:0x3ffb4a00 0x400d7c83:0x3ffb4a20 0x400d436a:0x3ffb4a40 0x400ded8d:0x3ffb4a70




ELF file SHA256: 0d76accb3

Rebooting...
ets Jul 29 2019 12:21:46

rst:0xc (SW_CPU_RESET),boot:0x13 (SPI_FAST_FLASH_BOOT)
configsip: 0, SPIWP:0xee
clk_drv:0x00,q_drv:0x00,d_drv:0x00,cs0_drv:0x00,hd_drv:0x00,wp_drv:0x00
mode:DIO, clock div:2
load:0x3fff0040,len:6272
load:0x40078000,len:15848
load:0x40080400,len:3920
entry 0x40080644
[0;32mI (27) boot: ESP-IDF v6.1-dev-2938-g12f36a021f 2nd stage bootloader[0m
[0;32mI (27) boot: compile time Apr 18 2026 09:21:39[0m
[0;32mI (27) boot: Multicore bootloader[0m
[0;32mI (30) boot: chip revision: v3.1[0m
[0;32mI (33) boot.esp32: SPI Speed      : 40MHz[0m
[0;32mI (37) boot.esp32: SPI Mode       : DIO[0m
[0;32mI (40) boot.esp32: SPI Flash Size : 2MB[0m
[0;32mI (44) boot: Enabling RNG early entropy source...[0m
[0;32mI (48) boot: Partition Table:[0m
[0;32mI (51) boot: ## Label            Usage          Type ST Offset   Length[0m
[0;32mI (57) boot:  0 nvs              WiFi data        01 02 00009000 00006000[0m
[0;32mI (64) boot:  1 phy_init         RF data          01 01 0000f000 00001000[0m
[0;32mI (70) boot:  2 factory          factory app      00 00 00010000 00100000[0m
[0;32mI (77) boot: End of partition table[0m
[0;32mI (80) esp_image: segment 0: paddr=00010020 vaddr=3f400020 size=0ad8ch ( 44428) map[0m
[0;32mI (104) esp_image: segment 1: paddr=0001adb4 vaddr=3ffb0000 size=02cb0h ( 11440) load[0m
[0;32mI (108) esp_image: segment 2: paddr=0001da6c vaddr=40080000 size=025ach (  9644) load[0m
[0;32mI (112) esp_image: segment 3: paddr=00020020 vaddr=400d0020 size=10fd0h ( 69584) map[0m
[0;32mI (140) esp_image: segment 4: paddr=00030ff8 vaddr=400825ac size=0aa38h ( 43576) load[0m
[0;32mI (158) esp_image: segment 5: paddr=0003ba38 vaddr=50000000 size=00028h (    40) load[0m
[0;32mI (165) boot: Loaded app from partition at offset 0x10000[0m
[0;32mI (165) boot: Disabling RNG early entropy source...[0m
[0;32mI (176) cpu_start: Multicore app[0m
[0;32mI (184) cpu_start: GPIO 3 and 1 are used as console UART I/O pins[0m
[0;32mI (184) cpu_start: Pro cpu start user code[0m
[0;32mI (184) cpu_start: cpu freq: 160000000 Hz[0m
[0;32mI (186) app_init: Application information:[0m
[0;32mI (190) app_init: Project name:     test[0m
[0;32mI (194) app_init: App version:      f7bc7826-dirty[0m
[0;32mI (198) app_init: Compile time:     Apr 18 2026 09:22:53[0m
[0;32mI (203) app_init: ELF file SHA256:  0d76accb3...[0m
[0;32mI (208) app_init: ESP-IDF:          v6.1-dev-2938-g12f36a021f[0m
[0;32mI (213) efuse_init: Min chip rev:     v0.0[0m
[0;32mI (217) efuse_init: Max chip rev:     v3.99 [0m
[0;32mI (221) efuse_init: Chip rev:         v3.1[0m
[0;32mI (225) heap_init: Initializing. RAM available for dynamic allocation:[0m
[0;32mI (231) heap_init: At 3FFAE6E0 len 00001920 (6 KiB): DRAM[0m
[0;32mI (236) heap_init: At 3FFB3758 len 0002C8A8 (178 KiB): DRAM[0m
[0;32mI (241) heap_init: At 3FFE0440 len 00003AE0 (14 KiB): D/IRAM[0m
[0;32mI (247) heap_init: At 3FFE4350 len 0001BCB0 (111 KiB): D/IRAM[0m
[0;32mI (252) heap_init: At 4008CFE4 len 0001301C (76 KiB): IRAM[0m
[0;33mW (259) spi_flash: Detected boya flash chip but using generic driver. For optimal functionality, enable `SPI_FLASH_SUPPORT_BOYA_CHIP` in menuconfig[0m
[0;32mI (271) spi_flash: detected chip: generic[0m
[0;32mI (274) spi_flash: flash io: dio[0m
[0;33mW (277) spi_flash: Detected size(4096k) larger than the size in the binary image header(2048k). Using the size in the binary image header.[0m
[0;32mI (291) main_task: Started on CPU0[0m
[0;32mI (301) main_task: Calling app_main()[0m

### Running Test SPI  ###

Running Slave Unit Test Case 1...
[1;31mE (311) SPI Test: ###[0m
Pin Initsialize


[0;32mI (311) slave stm32: [0m
### INIT SLAVE PIN ###


[0;32mI (311) slave stm32: SCLK Pin: 4[0m

[0;32mI (311) slave stm32: MOSI Pin: 10[0m

[0;32mI (311) slave stm32: MISO Pin: 9[0m

[0;32mI (321) slave stm32: CS Pin: 20[0m

[0;32mI (321) slave stm32: [0m
### END INIT SLAVE PIN ###


[0;32mI (321) slave stm32: Initializing bus SPI...[0m
[0;33mW (331) spi_common: GPIO 10 is conflict with others and be overwritten[0m
[0;33mW (331) spi_common: GPIO 9 is conflict with others and be overwritten[0m
[0;32mI (341) slave stm32: SPI bus initialized successfully[0m

[0;32mI (351) slave stm32: SPI device added successfully[0m

[0;32mI (351) slave stm32: CS HIGH[0m
[1;31mE (351) slave stm32: Failed to Init Slave device: ESP_OK[0m

assert failed: setUp Test_SPI.c:26 (err == ESP_OK)


Backtrace: 0x40087f91:0x3ffb4810 0x40087f59:0x3ffb4830 0x40087ac1:0x3ffb4850 0x400d1371:0x3ffb4970 0x400d7965:0x3ffb49b0 0x400d7ac5:0x3ffb49e0 0x400d7b32:0x3ffb4a00 0x400d7c83:0x3ffb4a20 0x400d436a:0x3ffb4a40 0x400ded8d:0x3ffb4a70




ELF file SHA256: 0d76accb3

Rebooting...
ets Jul 29 2019 12:21:46

rst:0xc (SW_CPU_RESET),boot:0x13 (SPI_FAST_FLASH_BOOT)
configsip: 0, SPIWP:0xee
clk_drv:0x00,q_drv:0x00,d_drv:0x00,cs0_drv:0x00,hd_drv:0x00,wp_drv:0x00
mode:DIO, clock div:2
load:0x3fff0040,len:6272
load:0x40078000,len:15848
load:0x40080400,len:3920
entry 0x40080644
[0;32mI (27) boot: ESP-IDF v6.1-dev-2938-g12f36a021f 2nd stage bootloader[0m
[0;32mI (27) boot: compile time Apr 18 2026 09:21:39[0m
[0;32mI (27) boot: Multicore bootloader[0m
[0;32mI (30) boot: chip revision: v3.1[0m
[0;32mI (33) boot.esp32: SPI Speed      : 40MHz[0m
[0;32mI (37) boot.esp32: SPI Mode       : DIO[0m
[0;32mI (40) boot.esp32: SPI Flash Size : 2MB[0m
[0;32mI (44) boot: Enabling RNG early entropy source...[0m
[0;32mI (48) boot: Partition Table:[0m
[0;32mI (51) boot: ## Label            Usage          Type ST Offset   Length[0m
[0;32mI (57) boot:  0 nvs              WiFi data        01 02 00009000 00006000[0m
[0;32mI (64) boot:  1 phy_init         RF data          01 01 0000f000 00001000[0m
[0;32mI (70) boot:  2 factory          factory app      00 00 00010000 00100000[0m
[0;32mI (77) boot: End of partition table[0m
[0;32mI (80) esp_image: segment 0: paddr=00010020 vaddr=3f400020 size=0ad8ch ( 44428) map[0m
[0;32mI (104) esp_image: segment 1: paddr=0001adb4 vaddr=3ffb0000 size=02cb0h ( 11440) load[0m
[0;32mI (108) esp_image: segment 2: paddr=0001da6c vaddr=40080000 size=025ach (  9644) load[0m
[0;32mI (112) esp_image: segment 3: paddr=00020020 vaddr=400d0020 size=10fd0h ( 69584) map[0m
[0;32mI (140) esp_image: segment 4: paddr=00030ff8 vaddr=400825ac size=0aa38h ( 43576) load[0m
[0;32mI (158) esp_image: segment 5: paddr=0003ba38 vaddr=50000000 size=00028h (    40) load[0m
[0;32mI (165) boot: Loaded app from partition at offset 0x10000[0m
[0;32mI (165) boot: Disabling RNG early entropy source...[0m
[0;32mI (176) cpu_start: Multicore app[0m
[0;32mI (184) cpu_start: GPIO 3 and 1 are used as console UART I/O pins[0m
[0;32mI (184) cpu_start: Pro cpu start user code[0m
[0;32mI (184) cpu_start: cpu freq: 160000000 Hz[0m
[0;32mI (186) app_init: Application information:[0m
[0;32mI (190) app_init: Project name:     test[0m
[0;32mI (194) app_init: App version:      f7bc7826-dirty[0m
[0;32mI (198) app_init: Compile time:     Apr 18 2026 09:22:53[0m
[0;32mI (203) app_init: ELF file SHA256:  0d76accb3...[0m
[0;32mI (208) app_init: ESP-IDF:          v6.1-dev-2938-g12f36a021f[0m
[0;32mI (213) efuse_init: Min chip rev:     v0.0[0m
[0;32mI (217) efuse_init: Max chip rev:     v3.99 [0m
[0;32mI (221) efuse_init: Chip rev:         v3.1[0m
[0;32mI (225) heap_init: Initializing. RAM available for dynamic allocation:[0m
[0;32mI (231) heap_init: At 3FFAE6E0 len 00001920 (6 KiB): DRAM[0m
[0;32mI (236) heap_init: At 3FFB3758 len 0002C8A8 (178 KiB): DRAM[0m
[0;32mI (241) heap_init: At 3FFE0440 len 00003AE0 (14 KiB): D/IRAM[0m
[0;32mI (247) heap_init: At 3FFE4350 len 0001BCB0 (111 KiB): D/IRAM[0m
[0;32mI (252) heap_init: At 4008CFE4 len 0001301C (76 KiB): IRAM[0m
[0;33mW (259) spi_flash: Detected boya flash chip but using generic driver. For optimal functionality, enable `SPI_FLASH_SUPPORT_BOYA_CHIP` in menuconfig[0m
[0;32mI (271) spi_flash: detected chip: generic[0m
[0;32mI (274) spi_flash: flash io: dio[0m
[0;33mW (277) spi_flash: Detected size(4096k) larger than the size in the binary image header(2048k). Using the size in the binary image header.[0m
[0;32mI (291) main_task: Started on CPU0[0m
[0;32mI (301) main_task: Calling app_main()[0m

### Running Test SPI  ###

Running Slave Unit Test Case 1...
[1;31mE (311) SPI Test: ###[0m
Pin Initsialize


[0;32mI (311) slave stm32: [0m
### INIT SLAVE PIN ###


[0;32mI (311) slave stm32: SCLK Pin: 4[0m

[0;32mI (311) slave stm32: MOSI Pin: 10[0m

[0;32mI (311) slave stm32: MISO Pin: 9[0m

[0;32mI (321) slave stm32: CS Pin: 20[0m

[0;32mI (321) slave stm32: [0m
### END INIT SLAVE PIN ###


[0;32mI (321) slave stm32: Initializing bus SPI...[0m
[0;33mW (331) spi_common: GPIO 10 is conflict with others and be overwritten[0m
[0;33mW (331) spi_common: GPIO 9 is conflict with others and be overwritten[0m
[0;32mI (341) slave stm32: SPI bus initialized successfully[0m

[0;32mI (351) slave stm32: SPI device added successfully[0m

[0;32mI (351) slave stm32: CS HIGH[0m
[1;31mE (351) slave stm32: Failed to Init Slave device: ESP_OK[0m

assert failed: setUp Test_SPI.c:26 (err == ESP_OK)


Backtrace: 0x40087f91:0x3ffb4810 0x40087f59:0x3ffb4830 0x40087ac1:0x3ffb4850 0x400d1371:0x3ffb4970 0x400d7965:0x3ffb49b0 0x400d7ac5:0x3ffb49e0 0x400d7b32:0x3ffb4a00 0x400d7c83:0x3ffb4a20 0x400d436a:0x3ffb4a40 0x400ded8d:0x3ffb4a70




ELF file SHA256: 0d76accb3

Rebooting...
ets Jul 29 2019 12:21:46

rst:0xc (SW_CPU_RESET),boot:0x13 (SPI_FAST_FLASH_BOOT)
configsip: 0, SPIWP:0xee
clk_drv:0x00,q_drv:0x00,d_drv:0x00,cs0_drv:0x00,hd_drv:0x00,wp_drv:0x00
mode:DIO, clock div:2
load:0x3fff0040,len:6272
load:0x40078000,len:15848
load:0x40080400,len:3920
entry 0x40080644
[0;32mI (27) boot: ESP-IDF v6.1-dev-2938-g12f36a021f 2nd stage bootloader[0m
[0;32mI (27) boot: compile time Apr 18 2026 09:21:39[0m
[0;32mI (27) boot: Multicore bootloader[0m
[0;32mI (30) boot: chip revision: v3.1[0m
[0;32mI (33) boot.esp32: SPI Speed      : 40MHz[0m
[0;32mI (37) boot.esp32: SPI Mode       : DIO[0m
[0;32mI (40) boot.esp32: SPI Flash Size : 2MB[0m
[0;32mI (44) boot: Enabling RNG early entropy source...[0m
[0;32mI (48) boot: Partition Table:[0m
[0;32mI (51) boot: ## Label            Usage          Type ST Offset   Length[0m
[0;32mI (57) boot:  0 nvs              WiFi data        01 02 00009000 00006000[0m
[0;32mI (64) boot:  1 phy_init         RF data          01 01 0000f000 00001000[0m
[0;32mI (70) boot:  2 factory          factory app      00 00 00010000 00100000[0m
[0;32mI (77) boot: End of partition table[0m
[0;32mI (80) esp_image: segment 0: paddr=00010020 vaddr=3f400020 size=0ad8ch ( 44428) map[0m
[0;32mI (104) esp_image: segment 1: paddr=0001adb4 vaddr=3ffb0000 size=02cb0h ( 11440) load[0m
[0;32mI (108) esp_image: segment 2: paddr=0001da6c vaddr=40080000 size=025ach (  9644) load[0m
[0;32mI (112) esp_image: segment 3: paddr=00020020 vaddr=400d0020 size=10fd0h ( 69584) map[0m
[0;32mI (140) esp_image: segment 4: paddr=00030ff8 vaddr=400825ac size=0aa38h ( 43576) load[0m
[0;32mI (158) esp_image: segment 5: paddr=0003ba38 vaddr=50000000 size=00028h (    40) load[0m
[0;32mI (165) boot: Loaded app from partition at offset 0x10000[0m
[0;32mI (165) boot: Disabling RNG early entropy source...[0m
[0;32mI (176) cpu_start: Multicore app[0m
[0;32mI (184) cpu_start: GPIO 3 and 1 are used as console UART I/O pins[0m
[0;32mI (184) cpu_start: Pro cpu start user code[0m
[0;32mI (184) cpu_start: cpu freq: 160000000 Hz[0m
[0;32mI (186) app_init: Application information:[0m
[0;32mI (190) app_init: Project name:     test[0m
[0;32mI (194) app_init: App version:      f7bc7826-dirty[0m
[0;32mI (198) app_init: Compile time:     Apr 18 2026 09:22:53[0m
[0;32mI (203) app_init: ELF file SHA256:  0d76accb3...[0m
[0;32mI (208) app_init: ESP-IDF:          v6.1-dev-2938-g12f36a021f[0m
[0;32mI (213) efuse_init: Min chip rev:     v0.0[0m
[0;32mI (217) efuse_init: Max chip rev:     v3.99 [0m
[0;32mI (221) efuse_init: Chip rev:         v3.1[0m
[0;32mI (225) heap_init: Initializing. RAM available for dynamic allocation:[0m
[0;32mI (231) heap_init: At 3FFAE6E0 len 00001920 (6 KiB): DRAM[0m
[0;32mI (236) heap_init: At 3FFB3758 len 0002C8A8 (178 KiB): DRAM[0m
[0;32mI (241) heap_init: At 3FFE0440 len 00003AE0 (14 KiB): D/IRAM[0m
[0;32mI (247) heap_init: At 3FFE4350 len 0001BCB0 (111 KiB): D/IRAM[0m
[0;32mI (252) heap_init: At 4008CFE4 len 0001301C (76 KiB): IRAM[0m
[0;33mW (259) spi_flash: Detected boya flash chip but using generic driver. For optimal functionality, enable `SPI_FLASH_SUPPORT_BOYA_CHIP` in menuconfig[0m
[0;32mI (271) spi_flash: detected chip: generic[0m
[0;32mI (274) spi_flash: flash io: dio[0m
[0;33mW (277) spi_flash: Detected size(4096k) larger than the size in the binary image header(2048k). Using the size in the binary image header.[0m
[0;32mI (291) main_task: Started on CPU0[0m
[0;32mI (301) main_task: Calling app_main()[0m

### Running Test SPI  ###

Running Slave Unit Test Case 1...
[1;31mE (311) SPI Test: ###[0m
Pin Initsialize


[0;32mI (311) slave stm32: [0m
### INIT SLAVE PIN ###


[0;32mI (311) slave stm32: SCLK Pin: 4[0m

[0;32mI (311) slave stm32: MOSI Pin: 10[0m

[0;32mI (311) slave stm32: MISO Pin: 9[0m

[0;32mI (321) slave stm32: CS Pin: 20[0m

[0;32mI (321) slave stm32: [0m
### END INIT SLAVE PIN ###


[0;32mI (321) slave stm32: Initializing bus SPI...[0m
[0;33mW (331) spi_common: GPIO 10 is conflict with others and be overwritten[0m
[0;33mW (331) spi_common: GPIO 9 is conflict with others and be overwritten[0m
[0;32mI (341) slave stm32: SPI bus initialized successfully[0m

[0;32mI (351) slave stm32: SPI device added successfully[0m

[0;32mI (351) slave stm32: CS HIGH[0m
[1;31mE (351) slave stm32: Failed to Init Slave device: ESP_OK[0m

assert failed: setUp Test_SPI.c:26 (err == ESP_OK)


Backtrace: 0x40087f91:0x3ffb4810 0x40087f59:0x3ffb4830 0x40087ac1:0x3ffb4850 0x400d1371:0x3ffb4970 0x400d7965:0x3ffb49b0 0x400d7ac5:0x3ffb49e0 0x400d7b32:0x3ffb4a00 0x400d7c83:0x3ffb4a20 0x400d436a:0x3ffb4a40 0x400ded8d:0x3ffb4a70




ELF file SHA256: 0d76accb3

Rebooting...
ets Jul 29 2019 12:21:46

rst:0xc (SW_CPU_RESET),boot:0x13 (SPI_FAST_FLASH_BOOT)
configsip: 0, SPIWP:0xee
clk_drv:0x00,q_drv:0x00,d_drv:0x00,cs0_drv:0x00,hd_drv:0x00,wp_drv:0x00
mode:DIO, clock div:2
load:0x3fff0040,len:6272
load:0x40078000,len:15848
load:0x40080400,len:3920
entry 0x40080644
[0;32mI (27) boot: ESP-IDF v6.1-dev-2938-g12f36a021f 2nd stage bootloader[0m
[0;32mI (27) boot: compile time Apr 18 2026 09:21:39[0m
[0;32mI (27) boot: Multicore bootloader[0m
[0;32mI (30) boot: chip revision: v3.1[0m
[0;32mI (33) boot.esp32: SPI Speed      : 40MHz[0m
[0;32mI (37) boot.esp32: SPI Mode       : DIO[0m
[0;32mI (40) boot.esp32: SPI Flash Size : 2MB[0m
[0;32mI (44) boot: Enabling RNG early entropy source...[0m
[0;32mI (48) boot: Partition Table:[0m
[0;32mI (51) boot: ## Label            Usage          Type ST Offset   Length[0m
[0;32mI (57) boot:  0 nvs              WiFi data        01 02 00009000 00006000[0m
[0;32mI (64) boot:  1 phy_init         RF data          01 01 0000f000 00001000[0m
[0;32mI (70) boot:  2 factory          factory app      00 00 00010000 00100000[0m
[0;32mI (77) boot: End of partition table[0m
[0;32mI (80) esp_image: segment 0: paddr=00010020 vaddr=3f400020 size=0ad8ch ( 44428) map[0m
[0;32mI (104) esp_image: segment 1: paddr=0001adb4 vaddr=3ffb0000 size=02cb0h ( 11440) load[0m
[0;32mI (108) esp_image: segment 2: paddr=0001da6c vaddr=40080000 size=025ach (  9644) load[0m
[0;32mI (112) esp_image: segment 3: paddr=00020020 vaddr=400d0020 size=10fd0h ( 69584) map[0m
[0;32mI (140) esp_image: segment 4: paddr=00030ff8 vaddr=400825ac size=0aa38h ( 43576) load[0m
[0;32mI (158) esp_image: segment 5: paddr=0003ba38 vaddr=50000000 size=00028h (    40) load[0m
[0;32mI (165) boot: Loaded app from partition at offset 0x10000[0m
[0;32mI (165) boot: Disabling RNG early entropy source...[0m
[0;32mI (176) cpu_start: Multicore app[0m
[0;32mI (184) cpu_start: GPIO 3 and 1 are used as console UART I/O pins[0m
[0;32mI (184) cpu_start: Pro cpu start user code[0m
[0;32mI (184) cpu_start: cpu freq: 160000000 Hz[0m
[0;32mI (186) app_init: Application information:[0m
[0;32mI (190) app_init: Project name:     test[0m
[0;32mI (194) app_init: App version:      f7bc7826-dirty[0m
[0;32mI (198) app_init: Compile time:     Apr 18 2026 09:22:53[0m
[0;32mI (203) app_init: ELF file SHA256:  0d76accb3...[0m
[0;32mI (208) app_init: ESP-IDF:          v6.1-dev-2938-g12f36a021f[0m
[0;32mI (213) efuse_init: Min chip rev:     v0.0[0m
[0;32mI (217) efuse_init: Max chip rev:     v3.99 [0m
[0;32mI (221) efuse_init: Chip rev:         v3.1[0m
[0;32mI (225) heap_init: Initializing. RAM available for dynamic allocation:[0m
[0;32mI (231) heap_init: At 3FFAE6E0 len 00001920 (6 KiB): DRAM[0m
[0;32mI (236) heap_init: At 3FFB3758 len 0002C8A8 (178 KiB): DRAM[0m
[0;32mI (241) heap_init: At 3FFE0440 len 00003AE0 (14 KiB): D/IRAM[0m
[0;32mI (247) heap_init: At 3FFE4350 len 0001BCB0 (111 KiB): D/IRAM[0m
[0;32mI (252) heap_init: At 4008CFE4 len 0001301C (76 KiB): IRAM[0m
[0;33mW (259) spi_flash: Detected boya flash chip but using generic driver. For optimal functionality, enable `SPI_FLASH_SUPPORT_BOYA_CHIP` in menuconfig[0m
[0;32mI (271) spi_flash: detected chip: generic[0m
[0;32mI (274) spi_flash: flash io: dio[0m
[0;33mW (277) spi_flash: Detected size(4096k) larger than the size in the binary image header(2048k). Using the size in the binary image header.[0m
[0;32mI (291) main_task: Started on CPU0[0m
[0;32mI (301) main_task: Calling app_main()[0m

### Running Test SPI  ###

Running Slave Unit Test Case 1...
[1;31mE (311) SPI Test: ###[0m
Pin Initsialize


[0;32mI (311) slave stm32: [0m
### INIT SLAVE PIN ###


[0;32mI (311) slave stm32: SCLK Pin: 4[0m

[0;32mI (311) slave stm32: MOSI Pin: 10[0m

[0;32mI (311) slave stm32: MISO Pin: 9[0m

[0;32mI (321) slave stm32: CS Pin: 20[0m

[0;32mI (321) slave stm32: [0m
### END INIT SLAVE PIN ###


[0;32mI (321) slave stm32: Initializing bus SPI...[0m
[0;33mW (331) spi_common: GPIO 10 is conflict with others and be overwritten[0m
[0;33mW (331) spi_common: GPIO 9 is conflict with others and be overwritten[0m
[0;32mI (341) slave stm32: SPI bus initialized successfully[0m

[0;32mI (351) slave stm32: SPI device added successfully[0m

[0;32mI (351) slave stm32: CS HIGH[0m
[1;31mE (351) slave stm32: Failed to Init Slave device: ESP_OK[0m

assert failed: setUp Test_SPI.c:26 (err == ESP_OK)


Backtrace: 0x40087f91:0x3ffb4810 0x40087f59:0x3ffb4830 0x40087ac1:0x3ffb4850 0x400d1371:0x3ffb4970 0x400d7965:0x3ffb49b0 0x400d7ac5:0x3ffb49e0 0x400d7b32:0x3ffb4a00 0x400d7c83:0x3ffb4a20 0x400d436a:0x3ffb4a40 0x400ded8d:0x3ffb4a70




ELF file SHA256: 0d76accb3

Rebooting...
ets Jul 29 2019 12:21:46

rst:0xc (SW_CPU_RESET),boot:0x13 (SPI_FAST_FLASH_BOOT)
configsip: 0, SPIWP:0xee
clk_drv:0x00,q_drv:0x00,d_drv:0x00,cs0_drv:0x00,hd_drv:0x00,wp_drv:0x00
mode:DIO, clock div:2
load:0x3fff0040,len:6272
load:0x40078000,len:15848
load:0x40080400,len:3920
entry 0x40080644
[0;32mI (27) boot: ESP-IDF v6.1-dev-2938-g12f36a021f 2nd stage bootloader[0m
[0;32mI (27) boot: compile time Apr 18 2026 09:21:39[0m
[0;32mI (27) boot: Multicore bootloader[0m
[0;32mI (30) boot: chip revision: v3.1[0m
[0;32mI (33) boot.esp32: SPI Speed      : 40MHz[0m
[0;32mI (37) boot.esp32: SPI Mode       : DIO[0m
[0;32mI (40) boot.esp32: SPI Flash Size : 2MB[0m
[0;32mI (44) boot: Enabling RNG early entropy source...[0m
[0;32mI (48) boot: Partition Table:[0m
[0;32mI (51) boot: ## Label            Usage          Type ST Offset   Length[0m
[0;32mI (57) boot:  0 nvs              WiFi data        01 02 00009000 00006000[0m
[0;32mI (64) boot:  1 phy_init         RF data          01 01 0000f000 00001000[0m
[0;32mI (70) boot:  2 factory          factory app      00 00 00010000 00100000[0m
[0;32mI (77) boot: End of partition table[0m
[0;32mI (80) esp_image: segment 0: paddr=00010020 vaddr=3f400020 size=0ad8ch ( 44428) map[0m
[0;32mI (104) esp_image: segment 1: paddr=0001adb4 vaddr=3ffb0000 size=02cb0h ( 11440) load[0m
[0;32mI (108) esp_image: segment 2: paddr=0001da6c vaddr=40080000 size=025ach (  9644) load[0m
[0;32mI (112) esp_image: segment 3: paddr=00020020 vaddr=400d0020 size=10fd0h ( 69584) map[0m
[0;32mI (140) esp_image: segment 4: paddr=00030ff8 vaddr=400825ac size=0aa38h ( 43576) load[0m
[0;32mI (158) esp_image: segment 5: paddr=0003ba38 vaddr=50000000 size=00028h (    40) load[0m
[0;32mI (165) boot: Loaded app from partition at offset 0x10000[0m
[0;32mI (165) boot: Disabling RNG early entropy source...[0m
[0;32mI (176) cpu_start: Multicore app[0m
[0;32mI (184) cpu_start: GPIO 3 and 1 are used as console UART I/O pins[0m
[0;32mI (184) cpu_start: Pro cpu start user code[0m
[0;32mI (184) cpu_start: cpu freq: 160000000 Hz[0m
[0;32mI (186) app_init: Application information:[0m
[0;32mI (190) app_init: Project name:     test[0m
[0;32mI (194) app_init: App version:      f7bc7826-dirty[0m
[0;32mI (198) app_init: Compile time:     Apr 18 2026 09:22:53[0m
[0;32mI (203) app_init: ELF file SHA256:  0d76accb3...[0m
[0;32mI (208) app_init: ESP-IDF:          v6.1-dev-2938-g12f36a021f[0m
[0;32mI (213) efuse_init: Min chip rev:     v0.0[0m
[0;32mI (217) efuse_init: Max chip rev:     v3.99 [0m
[0;32mI (221) efuse_init: Chip rev:         v3.1[0m
[0;32mI (225) heap_init: Initializing. RAM available for dynamic allocation:[0m
[0;32mI (231) heap_init: At 3FFAE6E0 len 00001920 (6 KiB): DRAM[0m
[0;32mI (236) heap_init: At 3FFB3758 len 0002C8A8 (178 KiB): DRAM[0m
[0;32mI (241) heap_init: At 3FFE0440 len 00003AE0 (14 KiB): D/IRAM[0m
[0;32mI (247) heap_init: At 3FFE4350 len 0001BCB0 (111 KiB): D/IRAM[0m
[0;32mI (252) heap_init: At 4008CFE4 len 0001301C (76 KiB): IRAM[0m
[0;33mW (259) spi_flash: Detected boya flash chip but using generic driver. For optimal functionality, enable `SPI_FLASH_SUPPORT_BOYA_CHIP` in menuconfig[0m
[0;32mI (271) spi_flash: detected chip: generic[0m
[0;32mI (274) spi_flash: flash io: dio[0m
[0;33mW (277) spi_flash: Detected size(4096k) larger than the size in the binary image header(2048k). Using the size in the binary image header.[0m
[0;32mI (291) main_task: Started on CPU0[0m
[0;32mI (301) main_task: Calling app_main()[0m

### Running Test SPI  ###

Running Slave Unit Test Case 1...
[1;31mE (311) SPI Test: ###[0m
Pin Initsialize


[0;32mI (311) slave stm32: [0m
### INIT SLAVE PIN ###


[0;32mI (311) slave stm32: SCLK Pin: 4[0m

[0;32mI (311) slave stm32: MOSI Pin: 10[0m

[0;32mI (311) slave stm32: MISO Pin: 9[0m

[0;32mI (321) slave stm32: CS Pin: 20[0m

[0;32mI (321) slave stm32: [0m
### END INIT SLAVE PIN ###


[0;32mI (321) slave stm32: Initializing bus SPI...[0m
[0;33mW (331) spi_common: GPIO 10 is conflict with others and be overwritten[0m
[0;33mW (331) spi_common: GPIO 9 is conflict with others and be overwritten[0m
[0;32mI (341) slave stm32: SPI bus initialized successfully[0m

[0;32mI (351) slave stm32: SPI device added successfully[0m

[0;32mI (351) slave stm32: CS HIGH[0m
[1;31mE (351) slave stm32: Failed to Init Slave device: ESP_OK[0m

assert failed: setUp Test_SPI.c:26 (err == ESP_OK)


Backtrace: 0x40087f91:0x3ffb4810 0x40087f59:0x3ffb4830 0x40087ac1:0x3ffb4850 0x400d1371:0x3ffb4970 0x400d7965:0x3ffb49b0 0x400d7ac5:0x3ffb49e0 0x400d7b32:0x3ffb4a00 0x400d7c83:0x3ffb4a20 0x400d436a:0x3ffb4a40 0x400ded8d:0x3ffb4a70




ELF file SHA256: 0d76accb3

Rebooting...
ets Jul 29 2019 12:21:46

rst:0xc (SW_CPU_RESET),boot:0x13 (SPI_FAST_FLASH_BOOT)
configsip: 0, SPIWP:0xee
clk_drv:0x00,q_drv:0x00,d_drv:0x00,cs0_drv:0x00,hd_drv:0x00,wp_drv:0x00
mode:DIO, clock div:2
load:0x3fff0040,len:6272
load:0x40078000,len:15848
load:0x40080400,len:3920
entry 0x40080644
[0;32mI (27) boot: ESP-IDF v6.1-dev-2938-g12f36a021f 2nd stage bootloader[0m
[0;32mI (27) boot: compile time Apr 18 2026 09:21:39[0m
[0;32mI (27) boot: Multicore bootloader[0m
[0;32mI (30) boot: chip revision: v3.1[0m
[0;32mI (33) boot.esp32: SPI Speed      : 40MHz[0m
[0;32mI (37) boot.esp32: SPI Mode       : DIO[0m
[0;32mI (40) boot.esp32: SPI Flash Size : 2MB[0m
[0;32mI (44) boot: Enabling RNG early entropy source...[0m
[0;32mI (48) boot: Partition Table:[0m
[0;32mI (51) boot: ## Label            Usage          Type ST Offset   Length[0m
[0;32mI (57) boot:  0 nvs              WiFi data        01 02 00009000 00006000[0m
[0;32mI (64) boot:  1 phy_init         RF data          01 01 0000f000 00001000[0m
[0;32mI (70) boot:  2 factory          factory app      00 00 00010000 00100000[0m
[0;32mI (77) boot: End of partition table[0m
[0;32mI (80) esp_image: segment 0: paddr=00010020 vaddr=3f400020 size=0ad8ch ( 44428) map[0m
[0;32mI (104) esp_image: segment 1: paddr=0001adb4 vaddr=3ffb0000 size=02cb0h ( 11440) load[0m
[0;32mI (108) esp_image: segment 2: paddr=0001da6c vaddr=40080000 size=025ach (  9644) load[0m
[0;32mI (112) esp_image: segment 3: paddr=00020020 vaddr=400d0020 size=10fd0h ( 69584) map[0m
[0;32mI (140) esp_image: segment 4: paddr=00030ff8 vaddr=400825ac size=0aa38h ( 43576) load[0m
[0;32mI (158) esp_image: segment 5: paddr=0003ba38 vaddr=50000000 size=00028h (    40) load[0m
[0;32mI (165) boot: Loaded app from partition at offset 0x10000[0m
[0;32mI (165) boot: Disabling RNG early entropy source...[0m
[0;32mI (176) cpu_start: Multicore app[0m
[0;32mI (184) cpu_start: GPIO 3 and 1 are used as console UART I/O pins[0m
[0;32mI (184) cpu_start: Pro cpu start user code[0m
[0;32mI (184) cpu_start: cpu freq: 160000000 Hz[0m
[0;32mI (186) app_init: Application information:[0m
[0;32mI (190) app_init: Project name:     test[0m
[0;32mI (194) app_init: App version:      f7bc7826-dirty[0m
[0;32mI (198) app_init: Compile time:     Apr 18 2026 09:22:53[0m
[0;32mI (203) app_init: ELF file SHA256:  0d76accb3...[0m
[0;32mI (208) app_init: ESP-IDF:          v6.1-dev-2938-g12f36a021f[0m
[0;32mI (213) efuse_init: Min chip rev:     v0.0[0m
[0;32mI (217) efuse_init: Max chip rev:     v3.99 [0m
[0;32mI (221) efuse_init: Chip rev:         v3.1[0m
[0;32mI (225) heap_init: Initializing. RAM available for dynamic allocation:[0m
[0;32mI (231) heap_init: At 3FFAE6E0 len 00001920 (6 KiB): DRAM[0m
[0;32mI (236) heap_init: At 3FFB3758 len 0002C8A8 (178 KiB): DRAM[0m
[0;32mI (241) heap_init: At 3FFE0440 len 00003AE0 (14 KiB): D/IRAM[0m
[0;32mI (247) heap_init: At 3FFE4350 len 0001BCB0 (111 KiB): D/IRAM[0m
[0;32mI (252) heap_init: At 4008CFE4 len 0001301C (76 KiB): IRAM[0m
[0;33mW (259) spi_flash: Detected boya flash chip but using generic driver. For optimal functionality, enable `SPI_FLASH_SUPPORT_BOYA_CHIP` in menuconfig[0m
[0;32mI (271) spi_flash: detected chip: generic[0m
[0;32mI (274) spi_flash: flash io: dio[0m
[0;33mW (277) spi_flash: Detected size(4096k) larger than the size in the binary image header(2048k). Using the size in the binary image header.[0m
[0;32mI (291) main_task: Started on CPU0[0m
[0;32mI (301) main_task: Calling app_main()[0m

### Running Test SPI  ###

Running Slave Unit Test Case 1...
[1;31mE (311) SPI Test: ###[0m
Pin Initsialize


[0;32mI (311) slave stm32: [0m
### INIT SLAVE PIN ###


[0;32mI (311) slave stm32: SCLK Pin: 4[0m

[0;32mI (311) slave stm32: MOSI Pin: 10[0m

[0;32mI (311) slave stm32: MISO Pin: 9[0m

[0;32mI (321) slave stm32: CS Pin: 20[0m

[0;32mI (321) slave stm32: [0m
### END INIT SLAVE PIN ###


[0;32mI (321) slave stm32: Initializing bus SPI...[0m
[0;33mW (331) spi_common: GPIO 10 is conflict with others and be overwritten[0m
[0;33mW (331) spi_common: GPIO 9 is conflict with others and be overwritten[0m
[0;32mI (341) slave stm32: SPI bus initialized successfully[0m

[0;32mI (351) slave stm32: SPI device added successfully[0m

[0;32mI (351) slave stm32: CS HIGH[0m
[1;31mE (351) slave stm32: Failed to Init Slave device: ESP_OK[0m

assert failed: setUp Test_SPI.c:26 (err == ESP_OK)


Backtrace: 0x40087f91:0x3ffb4810 0x40087f59:0x3ffb4830 0x40087ac1:0x3ffb4850 0x400d1371:0x3ffb4970 0x400d7965:0x3ffb49b0 0x400d7ac5:0x3ffb49e0 0x400d7b32:0x3ffb4a00 0x400d7c83:0x3ffb4a20 0x400d436a:0x3ffb4a40 0x400ded8d:0x3ffb4a70




ELF file SHA256: 0d76accb3

Rebooting...
ets Jul 29 2019 12:21:46

rst:0xc (SW_CPU_RESET),boot:0x13 (SPI_FAST_FLASH_BOOT)
configsip: 0, SPIWP:0xee
clk_drv:0x00,q_drv:0x00,d_drv:0x00,cs0_drv:0x00,hd_drv:0x00,wp_drv:0x00
mode:DIO, clock div:2
load:0x3fff0040,len:6272
load:0x40078000,len:15848
load:0x40080400,len:3920
entry 0x40080644
[0;32mI (27) boot: ESP-IDF v6.1-dev-2938-g12f36a021f 2nd stage bootloader[0m
[0;32mI (27) boot: compile time Apr 18 2026 09:21:39[0m
[0;32mI (27) boot: Multicore bootloader[0m
[0;32mI (30) boot: chip revision: v3.1[0m
[0;32mI (33) boot.esp32: SPI Speed      : 40MHz[0m
[0;32mI (37) boot.esp32: SPI Mode       : DIO[0m
[0;32mI (40) boot.esp32: SPI Flash Size : 2MB[0m
[0;32mI (44) boot: Enabling RNG early entropy source...[0m
[0;32mI (48) boot: Partition Table:[0m
[0;32mI (51) boot: ## Label            Usage          Type ST Offset   Length[0m
[0;32mI (57) boot:  0 nvs              WiFi data        01 02 00009000 00006000[0m
[0;32mI (64) boot:  1 phy_init         RF data          01 01 0000f000 00001000[0m
[0;32mI (70) boot:  2 factory          factory app      00 00 00010000 00100000[0m
[0;32mI (77) boot: End of partition table[0m
[0;32mI (80) esp_image: segment 0: paddr=00010020 vaddr=3f400020 size=0ad8ch ( 44428) map[0m
[0;32mI (104) esp_image: segment 1: paddr=0001adb4 vaddr=3ffb0000 size=02cb0h ( 11440) load[0m
[0;32mI (108) esp_image: segment 2: paddr=0001da6c vaddr=40080000 size=025ach (  9644) load[0m
[0;32mI (112) esp_image: segment 3: paddr=00020020 vaddr=400d0020 size=10fd0h ( 69584) map[0m
[0;32mI (140) esp_image: segment 4: paddr=00030ff8 vaddr=400825ac size=0aa38h ( 43576) load[0m
[0;32mI (158) esp_image: segment 5: paddr=0003ba38 vaddr=50000000 size=00028h (    40) load[0m
[0;32mI (165) boot: Loaded app from partition at offset 0x10000[0m
[0;32mI (165) boot: Disabling RNG early entropy source...[0m
[0;32mI (176) cpu_start: Multicore app[0m
[0;32mI (184) cpu_start: GPIO 3 and 1 are used as console UART I/O pins[0m
[0;32mI (184) cpu_start: Pro cpu start user code[0m
[0;32mI (184) cpu_start: cpu freq: 160000000 Hz[0m
[0;32mI (186) app_init: Application information:[0m
[0;32mI (190) app_init: Project name:     test[0m
[0;32mI (194) app_init: App version:      f7bc7826-dirty[0m
[0;32mI (198) app_init: Compile time:     Apr 18 2026 09:22:53[0m
[0;32mI (203) app_init: ELF file SHA256:  0d76accb3...[0m
[0;32mI (208) app_init: ESP-IDF:          v6.1-dev-2938-g12f36a021f[0m
[0;32mI (213) efuse_init: Min chip rev:     v0.0[0m
[0;32mI (217) efuse_init: Max chip rev:     v3.99 [0m
[0;32mI (221) efuse_init: Chip rev:         v3.1[0m
[0;32mI (225) heap_init: Initializing. RAM available for dynamic allocation:[0m
[0;32mI (231) heap_init: At 3FFAE6E0 len 00001920 (6 KiB): DRAM[0m
[0;32mI (236) heap_init: At 3FFB3758 len 0002C8A8 (178 KiB): DRAM[0m
[0;32mI (241) heap_init: At 3FFE0440 len 00003AE0 (14 KiB): D/IRAM[0m
[0;32mI (247) heap_init: At 3FFE4350 len 0001BCB0 (111 KiB): D/IRAM[0m
[0;32mI (252) heap_init: At 4008CFE4 len 0001301C (76 KiB): IRAM[0m
[0;33mW (259) spi_flash: Detected boya flash chip but using generic driver. For optimal functionality, enable `SPI_FLASH_SUPPORT_BOYA_CHIP` in menuconfig[0m
[0;32mI (271) spi_flash: detected chip: generic[0m
[0;32mI (274) spi_flash: flash io: dio[0m
[0;33mW (277) spi_flash: Detected size(4096k) larger than the size in the binary image header(2048k). Using the size in the binary image header.[0m
[0;32mI (291) main_task: Started on CPU0[0m
[0;32mI (301) main_task: Calling app_main()[0m

### Running Test SPI  ###

Running Slave Unit Test Case 1...
[1;31mE (311) SPI Test: ###[0m
Pin Initsialize


[0;32mI (311) slave stm32: [0m
### INIT SLAVE PIN ###


[0;32mI (311) slave stm32: SCLK Pin: 4[0m

[0;32mI (311) slave stm32: MOSI Pin: 10[0m

[0;32mI (311) slave stm32: MISO Pin: 9[0m

[0;32mI (321) slave stm32: CS Pin: 20[0m

[0;32mI (321) slave stm32: [0m
### END INIT SLAVE PIN ###


[0;32mI (321) slave stm32: Initializing bus SPI...[0m
[0;33mW (331) spi_common: GPIO 10 is conflict with others and be overwritten[0m
[0;33mW (331) spi_common: GPIO 9 is conflict with others and be overwritten[0m
[0;32mI (341) slave stm32: SPI bus initialized successfully[0m

[0;32mI (351) slave stm32: SPI device added successfully[0m

[0;32mI (351) slave stm32: CS HIGH[0m
[1;31mE (351) slave stm32: Failed to Init Slave device: ESP_OK[0m

assert failed: setUp Test_SPI.c:26 (err == ESP_OK)


Backtrace: 0x40087f91:0x3ffb4810 0x40087f59:0x3ffb4830 0x40087ac1:0x3ffb4850 0x400d1371:0x3ffb4970 0x400d7965:0x3ffb49b0 0x400d7ac5:0x3ffb49e0 0x400d7b32:0x3ffb4a00 0x400d7c83:0x3ffb4a20 0x400d436a:0x3ffb4a40 0x400ded8d:0x3ffb4a70




ELF file SHA256: 0d76accb3

Rebooting...
ets Jul 29 2019 12:21:46

